Archive member included because of file (symbol)

c:/program files (x86)/gnu tools arm embedded/4.8 2013q4/bin/../lib/gcc/arm-none-eabi/4.8.3/../../../../arm-none-eabi/lib/armv7-m\libm.a(lib_a-s_sin.o)
                              ..\obj\main.o (sin)
c:/program files (x86)/gnu tools arm embedded/4.8 2013q4/bin/../lib/gcc/arm-none-eabi/4.8.3/../../../../arm-none-eabi/lib/armv7-m\libm.a(lib_a-wf_pow.o)
                              ..\obj\main.o (powf)
c:/program files (x86)/gnu tools arm embedded/4.8 2013q4/bin/../lib/gcc/arm-none-eabi/4.8.3/../../../../arm-none-eabi/lib/armv7-m\libm.a(lib_a-wf_sqrt.o)
                              ..\obj\main.o (sqrtf)
c:/program files (x86)/gnu tools arm embedded/4.8 2013q4/bin/../lib/gcc/arm-none-eabi/4.8.3/../../../../arm-none-eabi/lib/armv7-m\libm.a(lib_a-e_rem_pio2.o)
                              c:/program files (x86)/gnu tools arm embedded/4.8 2013q4/bin/../lib/gcc/arm-none-eabi/4.8.3/../../../../arm-none-eabi/lib/armv7-m\libm.a(lib_a-s_sin.o) (__ieee754_rem_pio2)
c:/program files (x86)/gnu tools arm embedded/4.8 2013q4/bin/../lib/gcc/arm-none-eabi/4.8.3/../../../../arm-none-eabi/lib/armv7-m\libm.a(lib_a-ef_pow.o)
                              c:/program files (x86)/gnu tools arm embedded/4.8 2013q4/bin/../lib/gcc/arm-none-eabi/4.8.3/../../../../arm-none-eabi/lib/armv7-m\libm.a(lib_a-wf_pow.o) (__ieee754_powf)
c:/program files (x86)/gnu tools arm embedded/4.8 2013q4/bin/../lib/gcc/arm-none-eabi/4.8.3/../../../../arm-none-eabi/lib/armv7-m\libm.a(lib_a-ef_sqrt.o)
                              c:/program files (x86)/gnu tools arm embedded/4.8 2013q4/bin/../lib/gcc/arm-none-eabi/4.8.3/../../../../arm-none-eabi/lib/armv7-m\libm.a(lib_a-wf_sqrt.o) (__ieee754_sqrtf)
c:/program files (x86)/gnu tools arm embedded/4.8 2013q4/bin/../lib/gcc/arm-none-eabi/4.8.3/../../../../arm-none-eabi/lib/armv7-m\libm.a(lib_a-k_cos.o)
                              c:/program files (x86)/gnu tools arm embedded/4.8 2013q4/bin/../lib/gcc/arm-none-eabi/4.8.3/../../../../arm-none-eabi/lib/armv7-m\libm.a(lib_a-s_sin.o) (__kernel_cos)
c:/program files (x86)/gnu tools arm embedded/4.8 2013q4/bin/../lib/gcc/arm-none-eabi/4.8.3/../../../../arm-none-eabi/lib/armv7-m\libm.a(lib_a-k_rem_pio2.o)
                              c:/program files (x86)/gnu tools arm embedded/4.8 2013q4/bin/../lib/gcc/arm-none-eabi/4.8.3/../../../../arm-none-eabi/lib/armv7-m\libm.a(lib_a-e_rem_pio2.o) (__kernel_rem_pio2)
c:/program files (x86)/gnu tools arm embedded/4.8 2013q4/bin/../lib/gcc/arm-none-eabi/4.8.3/../../../../arm-none-eabi/lib/armv7-m\libm.a(lib_a-k_sin.o)
                              c:/program files (x86)/gnu tools arm embedded/4.8 2013q4/bin/../lib/gcc/arm-none-eabi/4.8.3/../../../../arm-none-eabi/lib/armv7-m\libm.a(lib_a-s_sin.o) (__kernel_sin)
c:/program files (x86)/gnu tools arm embedded/4.8 2013q4/bin/../lib/gcc/arm-none-eabi/4.8.3/../../../../arm-none-eabi/lib/armv7-m\libm.a(lib_a-s_fabs.o)
                              c:/program files (x86)/gnu tools arm embedded/4.8 2013q4/bin/../lib/gcc/arm-none-eabi/4.8.3/../../../../arm-none-eabi/lib/armv7-m\libm.a(lib_a-e_rem_pio2.o) (fabs)
c:/program files (x86)/gnu tools arm embedded/4.8 2013q4/bin/../lib/gcc/arm-none-eabi/4.8.3/../../../../arm-none-eabi/lib/armv7-m\libm.a(lib_a-s_floor.o)
                              c:/program files (x86)/gnu tools arm embedded/4.8 2013q4/bin/../lib/gcc/arm-none-eabi/4.8.3/../../../../arm-none-eabi/lib/armv7-m\libm.a(lib_a-k_rem_pio2.o) (floor)
c:/program files (x86)/gnu tools arm embedded/4.8 2013q4/bin/../lib/gcc/arm-none-eabi/4.8.3/../../../../arm-none-eabi/lib/armv7-m\libm.a(lib_a-s_lib_ver.o)
                              c:/program files (x86)/gnu tools arm embedded/4.8 2013q4/bin/../lib/gcc/arm-none-eabi/4.8.3/../../../../arm-none-eabi/lib/armv7-m\libm.a(lib_a-wf_pow.o) (__fdlib_version)
c:/program files (x86)/gnu tools arm embedded/4.8 2013q4/bin/../lib/gcc/arm-none-eabi/4.8.3/../../../../arm-none-eabi/lib/armv7-m\libm.a(lib_a-s_matherr.o)
                              c:/program files (x86)/gnu tools arm embedded/4.8 2013q4/bin/../lib/gcc/arm-none-eabi/4.8.3/../../../../arm-none-eabi/lib/armv7-m\libm.a(lib_a-wf_pow.o) (matherr)
c:/program files (x86)/gnu tools arm embedded/4.8 2013q4/bin/../lib/gcc/arm-none-eabi/4.8.3/../../../../arm-none-eabi/lib/armv7-m\libm.a(lib_a-s_rint.o)
                              c:/program files (x86)/gnu tools arm embedded/4.8 2013q4/bin/../lib/gcc/arm-none-eabi/4.8.3/../../../../arm-none-eabi/lib/armv7-m\libm.a(lib_a-wf_pow.o) (rint)
c:/program files (x86)/gnu tools arm embedded/4.8 2013q4/bin/../lib/gcc/arm-none-eabi/4.8.3/../../../../arm-none-eabi/lib/armv7-m\libm.a(lib_a-s_scalbn.o)
                              c:/program files (x86)/gnu tools arm embedded/4.8 2013q4/bin/../lib/gcc/arm-none-eabi/4.8.3/../../../../arm-none-eabi/lib/armv7-m\libm.a(lib_a-k_rem_pio2.o) (scalbn)
[...]
Memory Configuration

Name             Origin             Length             Attributes
rom              0x08000000         0x00020000         xr
ram              0x20000000         0x00005000         xrw
*default*        0x00000000         0xffffffff

Linker script and memory map

LOAD c:/program files (x86)/gnu tools arm embedded/4.8 2013q4/bin/../lib/gcc/arm-none-eabi/4.8.3/armv7-m/crti.o
LOAD c:/program files (x86)/gnu tools arm embedded/4.8 2013q4/bin/../lib/gcc/arm-none-eabi/4.8.3/armv7-m/crtbegin.o
LOAD c:/program files (x86)/gnu tools arm embedded/4.8 2013q4/bin/../lib/gcc/arm-none-eabi/4.8.3/../../../../arm-none-eabi/lib/armv7-m/crt0.o
                0x20005000                _eram = 0x20005000

.text           0x08000000     0xee08
 *(.isr_vector)
 .isr_vector    0x08000000      0x10c ..\obj\startup_stm32f10x_md.o
                0x08000000                g_pfnVectors
 *(.text*)
 .text          0x0800010c       0x54 c:/program files (x86)/gnu tools arm embedded/4.8 2013q4/bin/../lib/gcc/arm-none-eabi/4.8.3/armv7-m/crtbegin.o
 .text.IINCHIP_CS
                0x08000160       0x2c ..\obj\eth.o
                0x08000160                IINCHIP_CS
 .text.IINCHIP_SpiSendData
                0x0800018c       0x20 ..\obj\eth.o
                0x0800018c                IINCHIP_SpiSendData
 .text.IINCHIP_WRITE
                0x080001ac       0x50 ..\obj\eth.o
                0x080001ac                IINCHIP_WRITE
 .text.IINCHIP_READ
                0x080001fc       0x50 ..\obj\eth.o
                0x080001fc                IINCHIP_READ
 .text.setMR    0x0800024c       0x1c ..\obj\eth.o
                0x0800024c                setMR
 .text.getIR    0x08000268       0x10 ..\obj\eth.o
                0x08000268                getIR
 .text.getRCR   0x08000278       0x10 ..\obj\eth.o
                0x08000278                getRCR
 .text.getRTR   0x08000288       0x30 ..\obj\eth.o
                0x08000288                getRTR
 .text.setRTR   0x080002b8       0x2c ..\obj\eth.o
                0x080002b8                setRTR
 .text.setRCR   0x080002e4       0x1c ..\obj\eth.o
                0x080002e4                setRCR
 .text.getIMR   0x08000300       0x10 ..\obj\eth.o
                0x08000300                getIMR
 .text.setSHAR  0x08000310       0x9c ..\obj\eth.o
                0x08000310                setSHAR
 .text.setSIPR  0x080003ac       0x80 ..\obj\eth.o
                0x080003ac                setSIPR
 .text.setSUBR  0x0800042c       0x80 ..\obj\eth.o
                0x0800042c                setSUBR
 .text.setGAR   0x080004ac       0x80 ..\obj\eth.o
                0x080004ac                setGAR
 .text.getGAR   0x0800052c       0x48 ..\obj\eth.o
                0x0800052c                getGAR
 .text.getSUBR  0x08000574       0x48 ..\obj\eth.o
                0x08000574                getSUBR
 .text.getSIPR  0x080005bc       0x48 ..\obj\eth.o
                0x080005bc                getSIPR
 .text.getSHAR  0x08000604       0x64 ..\obj\eth.o
                0x08000604                getSHAR
 .text.getSn_PORT
                0x08000668       0x34 ..\obj\eth.o
                0x08000668                getSn_PORT
 .text.getVERSION
                0x0800069c       0x1c ..\obj\eth.o
                0x0800069c                getVERSION
 .text.setRXMEM_SIZE
                0x080006b8       0x20 ..\obj\eth.o
                0x080006b8                setRXMEM_SIZE
 .text.setTXMEM_SIZE
                0x080006d8       0x20 ..\obj\eth.o
                0x080006d8                setTXMEM_SIZE
 .text.Set_network
                0x080006f8      0x348 ..\obj\eth.o
                0x080006f8                Set_network
 .text.ETH_info
                0x08000a40       0xec ..\obj\eth.o
                0x08000a40                ETH_info
 .text.SystemInit
                0x08000b2c       0x68 ..\obj\system_stm32f10x.o
                0x08000b2c                SystemInit
 .text.SetSysClock
                0x08000b94        0xc ..\obj\system_stm32f10x.o
 .text.SetSysClockTo72
                0x08000ba0      0x100 ..\obj\system_stm32f10x.o
 .text.Default_Reset_Handler
                0x08000ca0       0x60 ..\obj\startup_stm32f10x_md.o
                0x08000ca0                Default_Reset_Handler
                0x08000ca0                Reset_Handler
 .text.Default_Handler
                0x08000d00        0x8 ..\obj\startup_stm32f10x_md.o
                0x08000d00                EXTI2_IRQHandler
                0x08000d00                DebugMon_Handler
                0x08000d00                TIM1_CC_IRQHandler
                0x08000d00                HardFault_Handler
                0x08000d00                PVD_IRQHandler
                0x08000d00                PendSV_Handler
                0x08000d00                NMI_Handler
                0x08000d00                EXTI0_IRQHandler
                0x08000d00                I2C2_EV_IRQHandler
                0x08000d00                UsageFault_Handler
                0x08000d00                TAMPER_IRQHandler
                0x08000d00                USART3_IRQHandler
                0x08000d00                RTC_IRQHandler
                0x08000d00                DMA1_Channel7_IRQHandler
                0x08000d00                CAN1_RX1_IRQHandler
                0x08000d00                TIM4_IRQHandler
                0x08000d00                I2C1_EV_IRQHandler
                0x08000d00                DMA1_Channel6_IRQHandler
                0x08000d00                TIM3_IRQHandler
                0x08000d00                RCC_IRQHandler
                0x08000d00                TIM1_TRG_COM_IRQHandler
                0x08000d00                DMA1_Channel1_IRQHandler
                0x08000d00                SPI2_IRQHandler
                0x08000d00                MemManage_Handler
                0x08000d00                SVC_Handler
                0x08000d00                DMA1_Channel5_IRQHandler
                0x08000d00                USB_LP_CAN1_RX0_IRQHandler
                0x08000d00                USB_HP_CAN1_TX_IRQHandler
                0x08000d00                DMA1_Channel3_IRQHandler
                0x08000d00                TIM1_UP_IRQHandler
                0x08000d00                WWDG_IRQHandler
                0x08000d00                TIM2_IRQHandler
                0x08000d00                TIM1_BRK_IRQHandler
                0x08000d00                EXTI1_IRQHandler
                0x08000d00                RTCAlarm_IRQHandler
                0x08000d00                I2C2_ER_IRQHandler
                0x08000d00                DMA1_Channel2_IRQHandler
                0x08000d00                CAN1_SCE_IRQHandler
                0x08000d00                FLASH_IRQHandler
                0x08000d00                BusFault_Handler
                0x08000d00                I2C1_ER_IRQHandler
                0x08000d00                USBWakeUp_IRQHandler
 .text.GPIO_Init
                0x08000d08      0x178 ..\obj\stm32f10x_gpio.o
                0x08000d08                GPIO_Init
 .text.GPIO_ReadInputDataBit
                0x08000e80       0x34 ..\obj\stm32f10x_gpio.o
                0x08000e80                GPIO_ReadInputDataBit
 .text.GPIO_PinRemapConfig
                0x08000eb4       0xe0 ..\obj\stm32f10x_gpio.o
                0x08000eb4                GPIO_PinRemapConfig
 .text.GPIO_EXTILineConfig
                0x08000f94       0x7c ..\obj\stm32f10x_gpio.o
                0x08000f94                GPIO_EXTILineConfig
 .text.NVIC_EnableIRQ
                0x08001010       0x30 ..\obj\main.o
 .text.NVIC_SetPriority
                0x08001040       0x54 ..\obj\main.o
 .text.SysTick_Config
                0x08001094       0x44 ..\obj\main.o
 .text.init_RCC
                0x080010d8       0x2c ..\obj\main.o
                0x080010d8                init_RCC
 .text.Delay    0x08001104       0x28 ..\obj\main.o
                0x08001104                Delay
 .text.SysTick_Handler
                0x0800112c       0xa8 ..\obj\main.o
                0x0800112c                SysTick_Handler
 .text.init_EXT
                0x080011d4       0xe8 ..\obj\main.o
                0x080011d4                init_EXT
 .text.EXTI4_IRQHandler
                0x080012bc       0x28 ..\obj\main.o
                0x080012bc                EXTI4_IRQHandler
 .text.EXTI3_IRQHandler
                0x080012e4       0x28 ..\obj\main.o
                0x080012e4                EXTI3_IRQHandler
 .text.EXTI9_5_IRQHandler
                0x0800130c       0xbc ..\obj\main.o
                0x0800130c                EXTI9_5_IRQHandler
 .text.EXTI15_10_IRQHandler
                0x080013c8       0xc8 ..\obj\main.o
                0x080013c8                EXTI15_10_IRQHandler
 .text.init_GPIO
                0x08001490      0x14c ..\obj\main.o
                0x08001490                init_GPIO
 .text.init_ADC
                0x080015dc       0xc8 ..\obj\main.o
                0x080015dc                init_ADC
 .text.ADC1_2_IRQHandler
                0x080016a4       0x34 ..\obj\main.o
                0x080016a4                ADC1_2_IRQHandler
 .text.ADC      0x080016d8       0x40 ..\obj\main.o
                0x080016d8                ADC
 .text.init_USART1
                0x08001718       0xb0 ..\obj\main.o
                0x08001718                init_USART1
 .text.DMA_UART_Send
                0x080017c8       0x90 ..\obj\main.o
                0x080017c8                DMA_UART_Send
 .text.DMA1_Channel4_IRQHandler
                0x08001858       0x54 ..\obj\main.o
                0x08001858                DMA1_Channel4_IRQHandler
 .text.init_USART2
                0x080018ac       0xa0 ..\obj\main.o
                0x080018ac                init_USART2
 .text.UART_DMA_TX
                0x0800194c       0x50 ..\obj\main.o
                0x0800194c                UART_DMA_TX
 .text.Transf   0x0800199c       0x88 ..\obj\main.o
                0x0800199c                Transf
 .text.Buf_send
                0x08001a24       0x58 ..\obj\main.o
                0x08001a24                Buf_send
 .text.ZTransf  0x08001a7c       0x84 ..\obj\main.o
                0x08001a7c                ZTransf
 .text.init_SPI2
                0x08001b00       0x9c ..\obj\main.o
                0x08001b00                init_SPI2
 .text.SPI1_IRQHandler
                0x08001b9c       0x28 ..\obj\main.o
                0x08001b9c                SPI1_IRQHandler
 .text.SPI2_Send
                0x08001bc4       0x50 ..\obj\main.o
                0x08001bc4                SPI2_Send
 .text.zputc2   0x08001c14       0x2c ..\obj\main.o
                0x08001c14                zputc2
 .text.USART1_IRQHandler
                0x08001c40       0x6c ..\obj\main.o
                0x08001c40                USART1_IRQHandler
 .text.USART2_IRQHandler
                0x08001cac       0x6c ..\obj\main.o
                0x08001cac                USART2_IRQHandler
 .text.leng     0x08001d18       0x34 ..\obj\main.o
                0x08001d18                leng
 .text.getchar1
                0x08001d4c       0x48 ..\obj\main.o
                0x08001d4c                getchar1
 .text.reverse  0x08001d94       0x58 ..\obj\main.o
                0x08001d94                reverse
 .text.itoa     0x08001dec       0x8c ..\obj\main.o
                0x08001dec                itoa
 .text.u_out    0x08001e78       0x34 ..\obj\main.o
                0x08001e78                u_out
 .text.un_out   0x08001eac       0x2c ..\obj\main.o
                0x08001eac                un_out
 .text.x_out    0x08001ed8       0x38 ..\obj\main.o
                0x08001ed8                x_out
 .text.xn_out   0x08001f10       0x30 ..\obj\main.o
                0x08001f10                xn_out
 .text.init_b660
                0x08001f40      0x13c ..\obj\main.o
                0x08001f40                init_b660
 *fill*         0x0800207c        0x4 
 .text.Massiv_dbm
                0x08002080      0x3a8 ..\obj\main.o
                0x08002080                Massiv_dbm
 .text.IO       0x08002428     0x1390 ..\obj\main.o
                0x08002428                IO
 .text.WDG_func
                0x080037b8       0x44 ..\obj\main.o
                0x080037b8                WDG_func
 .text.UART_conrol
                0x080037fc       0x90 ..\obj\main.o
                0x080037fc                UART_conrol
 .text.LED_control
                0x0800388c      0x11c ..\obj\main.o
                0x0800388c                LED_control
 .text.Menu1    0x080039a8      0x270 ..\obj\main.o
                0x080039a8                Menu1
 .text.FPGA_wSPI
                0x08003c18       0xd0 ..\obj\main.o
                0x08003c18                FPGA_wSPI
 .text.FPGA_rSPI
                0x08003ce8       0xbc ..\obj\main.o
                0x08003ce8                FPGA_rSPI
 .text.test_spi_read
                0x08003da4       0x68 ..\obj\main.o
                0x08003da4                test_spi_read
 .text.test_spi_write
                0x08003e0c       0x74 ..\obj\main.o
                0x08003e0c                test_spi_write
 .text.Tester_control
                0x08003e80      0x578 ..\obj\main.o
                0x08003e80                Tester_control
 .text.Tester_info
                0x080043f8      0x674 ..\obj\main.o
                0x080043f8                Tester_info
 .text.INIT_MFI
                0x08004a6c      0x294 ..\obj\main.o
                0x08004a6c                INIT_MFI
 .text.info_k615
                0x08004d00      0x11c ..\obj\main.o
                0x08004d00                info_k615
 .text.info     0x08004e1c      0x230 ..\obj\main.o
                0x08004e1c                info
 .text.Cntr_TNC_TNO_24V
                0x0800504c       0x9c ..\obj\main.o
                0x0800504c                Cntr_TNC_TNO_24V
 .text.OUT_sig615_B660
                0x080050e8      0x200 ..\obj\main.o
                0x080050e8                OUT_sig615_B660
 .text.BTN_control
                0x080052e8       0xfc ..\obj\main.o
                0x080052e8                BTN_control
 .text.test_packet
                0x080053e4      0x390 ..\obj\main.o
                0x080053e4                test_packet
 .text.main     0x08005774      0x2f0 ..\obj\main.o
                0x08005774                main
 .text.RCC_ADCCLKConfig
                0x08005a64       0x38 ..\obj\stm32f10x_rcc.o
                0x08005a64                RCC_ADCCLKConfig
 .text.RCC_GetClocksFreq
                0x08005a9c      0x164 ..\obj\stm32f10x_rcc.o
                0x08005a9c                RCC_GetClocksFreq
 .text.RCC_AHBPeriphClockCmd
                0x08005c00       0x3c ..\obj\stm32f10x_rcc.o
                0x08005c00                RCC_AHBPeriphClockCmd
 .text.RCC_APB2PeriphClockCmd
                0x08005c3c       0x3c ..\obj\stm32f10x_rcc.o
                0x08005c3c                RCC_APB2PeriphClockCmd
 .text.RCC_APB1PeriphClockCmd
                0x08005c78       0x3c ..\obj\stm32f10x_rcc.o
                0x08005c78                RCC_APB1PeriphClockCmd
 .text.EXTI_Init
                0x08005cb4       0xdc ..\obj\stm32f10x_exti.o
                0x08005cb4                EXTI_Init
 .text.EXTI_ClearFlag
                0x08005d90       0x1c ..\obj\stm32f10x_exti.o
                0x08005d90                EXTI_ClearFlag
 .text.EXTI_GetITStatus
                0x08005dac       0x48 ..\obj\stm32f10x_exti.o
                0x08005dac                EXTI_GetITStatus
 .text.EXTI_ClearITPendingBit
                0x08005df4       0x1c ..\obj\stm32f10x_exti.o
                0x08005df4                EXTI_ClearITPendingBit
 .text.ADC_Init
                0x08005e10       0xa4 ..\obj\stm32f10x_adc.o
                0x08005e10                ADC_Init
 .text.ADC_Cmd  0x08005eb4       0x38 ..\obj\stm32f10x_adc.o
                0x08005eb4                ADC_Cmd
 .text.ADC_ITConfig
                0x08005eec       0x44 ..\obj\stm32f10x_adc.o
                0x08005eec                ADC_ITConfig
 .text.ADC_ResetCalibration
                0x08005f30       0x20 ..\obj\stm32f10x_adc.o
                0x08005f30                ADC_ResetCalibration
 .text.ADC_GetResetCalibrationStatus
                0x08005f50       0x30 ..\obj\stm32f10x_adc.o
                0x08005f50                ADC_GetResetCalibrationStatus
 .text.ADC_StartCalibration
                0x08005f80       0x20 ..\obj\stm32f10x_adc.o
                0x08005f80                ADC_StartCalibration
 .text.ADC_GetCalibrationStatus
                0x08005fa0       0x30 ..\obj\stm32f10x_adc.o
                0x08005fa0                ADC_GetCalibrationStatus
 .text.ADC_SoftwareStartConvCmd
                0x08005fd0       0x38 ..\obj\stm32f10x_adc.o
                0x08005fd0                ADC_SoftwareStartConvCmd
 .text.ADC_TempSensorVrefintCmd
                0x08006008       0x38 ..\obj\stm32f10x_adc.o
                0x08006008                ADC_TempSensorVrefintCmd
 .text.USART_Init
                0x08006040      0x174 ..\obj\stm32f10x_usart.o
                0x08006040                USART_Init
 .text.USART_Cmd
                0x080061b4       0x40 ..\obj\stm32f10x_usart.o
                0x080061b4                USART_Cmd
 .text.USART_ITConfig
                0x080061f4       0x90 ..\obj\stm32f10x_usart.o
                0x080061f4                USART_ITConfig
 .text.USART_DMACmd
                0x08006284       0x48 ..\obj\stm32f10x_usart.o
                0x08006284                USART_DMACmd
 .text.USART_GetFlagStatus
                0x080062cc       0x38 ..\obj\stm32f10x_usart.o
                0x080062cc                USART_GetFlagStatus
 .text.USART_ClearFlag
                0x08006304       0x20 ..\obj\stm32f10x_usart.o
                0x08006304                USART_ClearFlag
 .text.USART_GetITStatus
                0x08006324       0xb0 ..\obj\stm32f10x_usart.o
                0x08006324                USART_GetITStatus
 .text.USART_ClearITPendingBit
                0x080063d4       0x38 ..\obj\stm32f10x_usart.o
                0x080063d4                USART_ClearITPendingBit
 .text._sbrk    0x0800640c       0x40 ..\obj\syscalls.o
                0x0800640c                _sbrk
 .text.DMA_DeInit
                0x0800644c      0x178 ..\obj\stm32f10x_dma.o
                0x0800644c                DMA_DeInit
 .text.DMA_Init
                0x080065c4       0x7c ..\obj\stm32f10x_dma.o
                0x080065c4                DMA_Init
 .text.DMA_Cmd  0x08006640       0x38 ..\obj\stm32f10x_dma.o
                0x08006640                DMA_Cmd
 .text.DMA_ITConfig
                0x08006678       0x3c ..\obj\stm32f10x_dma.o
                0x08006678                DMA_ITConfig
 .text.DMA_GetFlagStatus
                0x080066b4       0x54 ..\obj\stm32f10x_dma.o
                0x080066b4                DMA_GetFlagStatus
 .text.DMA_ClearFlag
                0x08006708       0x34 ..\obj\stm32f10x_dma.o
                0x08006708                DMA_ClearFlag
 .text.DMA_ClearITPendingBit
                0x0800673c       0x34 ..\obj\stm32f10x_dma.o
                0x0800673c                DMA_ClearITPendingBit
 .text.SPI_Init
                0x08006770       0x88 ..\obj\stm32f10x_spi.o
                0x08006770                SPI_Init
 .text.SPI_Cmd  0x080067f8       0x40 ..\obj\stm32f10x_spi.o
                0x080067f8                SPI_Cmd
 .text.SPI_I2S_SendData
                0x08006838       0x1c ..\obj\stm32f10x_spi.o
                0x08006838                SPI_I2S_SendData
 .text.SPI_I2S_ReceiveData
                0x08006854       0x1c ..\obj\stm32f10x_spi.o
                0x08006854                SPI_I2S_ReceiveData
 .text.SPI_NSSInternalSoftwareConfig
                0x08006870       0x44 ..\obj\stm32f10x_spi.o
                0x08006870                SPI_NSSInternalSoftwareConfig
 .text.SPI_I2S_GetFlagStatus
                0x080068b4       0x38 ..\obj\stm32f10x_spi.o
                0x080068b4                SPI_I2S_GetFlagStatus
 .text.sin      0x080068ec       0x94 c:/program files (x86)/gnu tools arm embedded/4.8 2013q4/bin/../lib/gcc/arm-none-eabi/4.8.3/../../../../arm-none-eabi/lib/armv7-m\libm.a(lib_a-s_sin.o)
                0x080068ec                sin
 .text.__ieee754_rem_pio2
                0x08006980      0x440 c:/program files (x86)/gnu tools arm embedded/4.8 2013q4/bin/../lib/gcc/arm-none-eabi/4.8.3/../../../../arm-none-eabi/lib/armv7-m\libm.a(lib_a-e_rem_pio2.o)
                0x08006980                __ieee754_rem_pio2
 .text.__kernel_cos
                0x08006dc0      0x248 c:/program files (x86)/gnu tools arm embedded/4.8 2013q4/bin/../lib/gcc/arm-none-eabi/4.8.3/../../../../arm-none-eabi/lib/armv7-m\libm.a(lib_a-k_cos.o)
                0x08006dc0                __kernel_cos
 .text.__kernel_rem_pio2
                0x08007008      0x7bc c:/program files (x86)/gnu tools arm embedded/4.8 2013q4/bin/../lib/gcc/arm-none-eabi/4.8.3/../../../../arm-none-eabi/lib/armv7-m\libm.a(lib_a-k_rem_pio2.o)
                0x08007008                __kernel_rem_pio2
 *fill*         0x080077c4        0x4 
 .text.__kernel_sin
                0x080077c8      0x170 c:/program files (x86)/gnu tools arm embedded/4.8 2013q4/bin/../lib/gcc/arm-none-eabi/4.8.3/../../../../arm-none-eabi/lib/armv7-m\libm.a(lib_a-k_sin.o)
                0x080077c8                __kernel_sin
 .text.fabs     0x08007938        0x8 c:/program files (x86)/gnu tools arm embedded/4.8 2013q4/bin/../lib/gcc/arm-none-eabi/4.8.3/../../../../arm-none-eabi/lib/armv7-m\libm.a(lib_a-s_fabs.o)
                0x08007938                fabs
 .text.floor    0x08007940      0x120 c:/program files (x86)/gnu tools arm embedded/4.8 2013q4/bin/../lib/gcc/arm-none-eabi/4.8.3/../../../../arm-none-eabi/lib/armv7-m\libm.a(lib_a-s_floor.o)
                0x08007940                floor
 .text.scalbn   0x08007a60      0x100 c:/program files (x86)/gnu tools arm embedded/4.8 2013q4/bin/../lib/gcc/arm-none-eabi/4.8.3/../../../../arm-none-eabi/lib/armv7-m\libm.a(lib_a-s_scalbn.o)
                0x08007a60                scalbn
 .text.copysign
                0x08007b60       0x14 c:/program files (x86)/gnu tools arm embedded/4.8 2013q4/bin/../lib/gcc/arm-none-eabi/4.8.3/../../../../arm-none-eabi/lib/armv7-m\libm.a(lib_a-s_copysign.o)
                0x08007b60                copysign
 .text          0x08007b74      0x370 c:/program files (x86)/gnu tools arm embedded/4.8 2013q4/bin/../lib/gcc/arm-none-eabi/4.8.3/armv7-m\libgcc.a(_arm_addsubdf3.o)
                0x08007b74                __aeabi_drsub
                0x08007b7c                __aeabi_dsub
                0x08007b7c                __subdf3
                0x08007b80                __aeabi_dadd
                0x08007b80                __adddf3
                0x08007df8                __floatunsidf
                0x08007df8                __aeabi_ui2d
                0x08007e18                __floatsidf
                0x08007e18                __aeabi_i2d
                0x08007e3c                __aeabi_f2d
                0x08007e3c                __extendsfdf2
                0x08007e78                __floatundidf
                0x08007e78                __aeabi_ul2d
                0x08007e88                __floatdidf
                0x08007e88                __aeabi_l2d
 .text          0x08007ee4      0x424 c:/program files (x86)/gnu tools arm embedded/4.8 2013q4/bin/../lib/gcc/arm-none-eabi/4.8.3/armv7-m\libgcc.a(_arm_muldivdf3.o)
                0x08007ee4                __aeabi_dmul
                0x08007ee4                __muldf3
                0x08008138                __divdf3
                0x08008138                __aeabi_ddiv
 .text          0x08008308      0x110 c:/program files (x86)/gnu tools arm embedded/4.8 2013q4/bin/../lib/gcc/arm-none-eabi/4.8.3/armv7-m\libgcc.a(_arm_cmpdf2.o)
                0x08008308                __gtdf2
                0x08008308                __gedf2
                0x08008310                __ltdf2
                0x08008310                __ledf2
                0x08008318                __nedf2
                0x08008318                __eqdf2
                0x08008318                __cmpdf2
                0x08008394                __aeabi_cdrcmple
                0x080083a4                __aeabi_cdcmpeq
                0x080083a4                __aeabi_cdcmple
                0x080083b4                __aeabi_dcmpeq
                0x080083c8                __aeabi_dcmplt
                0x080083dc                __aeabi_dcmple
                0x080083f0                __aeabi_dcmpge
                0x08008404                __aeabi_dcmpgt
 .text          0x08008418       0x50 c:/program files (x86)/gnu tools arm embedded/4.8 2013q4/bin/../lib/gcc/arm-none-eabi/4.8.3/armv7-m\libgcc.a(_arm_fixdfsi.o)
                0x08008418                __aeabi_d2iz
                0x08008418                __fixdfsi
 .text          0x08008468       0xa0 c:/program files (x86)/gnu tools arm embedded/4.8 2013q4/bin/../lib/gcc/arm-none-eabi/4.8.3/armv7-m\libgcc.a(_arm_truncdfsf2.o)
                0x08008468                __truncdfsf2
                0x08008468                __aeabi_d2f
 .text          0x08008508      0x21c c:/program files (x86)/gnu tools arm embedded/4.8 2013q4/bin/../lib/gcc/arm-none-eabi/4.8.3/armv7-m\libgcc.a(_arm_addsubsf3.o)
                0x08008508                __aeabi_frsub
                0x08008510                __subsf3
                0x08008510                __aeabi_fsub
                0x08008514                __aeabi_fadd
                0x08008514                __addsf3
                0x08008674                __aeabi_ui2f
                0x08008674                __floatunsisf
                0x0800867c                __aeabi_i2f
                0x0800867c                __floatsisf
                0x08008698                __aeabi_ul2f
                0x08008698                __floatundisf
                0x080086a8                __aeabi_l2f
                0x080086a8                __floatdisf
 .text          0x08008724      0x2a0 c:/program files (x86)/gnu tools arm embedded/4.8 2013q4/bin/../lib/gcc/arm-none-eabi/4.8.3/armv7-m\libgcc.a(_arm_muldivsf3.o)
                0x08008724                __mulsf3
                0x08008724                __aeabi_fmul
                0x0800888c                __aeabi_fdiv
                0x0800888c                __divsf3
 .text          0x080089c4       0xec c:/program files (x86)/gnu tools arm embedded/4.8 2013q4/bin/../lib/gcc/arm-none-eabi/4.8.3/armv7-m\libgcc.a(_arm_cmpsf2.o)
                0x080089c4                __gesf2
                0x080089c4                __gtsf2
                0x080089cc                __lesf2
                0x080089cc                __ltsf2
                0x080089d4                __nesf2
                0x080089d4                __eqsf2
                0x080089d4                __cmpsf2
                0x08008a34                __aeabi_cfrcmple
                0x08008a3c                __aeabi_cfcmpeq
                0x08008a3c                __aeabi_cfcmple
                0x08008a4c                __aeabi_fcmpeq
                0x08008a60                __aeabi_fcmplt
                0x08008a74                __aeabi_fcmple
                0x08008a88                __aeabi_fcmpge
                0x08008a9c                __aeabi_fcmpgt
 .text          0x08008ab0       0x4c c:/program files (x86)/gnu tools arm embedded/4.8 2013q4/bin/../lib/gcc/arm-none-eabi/4.8.3/armv7-m\libgcc.a(_arm_fixsfsi.o)
                0x08008ab0                __aeabi_f2iz
                0x08008ab0                __fixsfsi
 .text.atoi     0x08008afc        0x8 c:/program files (x86)/gnu tools arm embedded/4.8 2013q4/bin/../lib/gcc/arm-none-eabi/4.8.3/../../../../arm-none-eabi/lib/armv7-m\libc.a(lib_a-atoi.o)
                0x08008afc                atoi
 .text.memset   0x08008b04       0x94 c:/program files (x86)/gnu tools arm embedded/4.8 2013q4/bin/../lib/gcc/arm-none-eabi/4.8.3/../../../../arm-none-eabi/lib/armv7-m\libc.a(lib_a-memset.o)
                0x08008b04                memset
 .text.rand     0x08008b98       0x40 c:/program files (x86)/gnu tools arm embedded/4.8 2013q4/bin/../lib/gcc/arm-none-eabi/4.8.3/../../../../arm-none-eabi/lib/armv7-m\libc.a(lib_a-rand.o)
                0x08008b98                rand
 .text.sprintf  0x08008bd8       0x4c c:/program files (x86)/gnu tools arm embedded/4.8 2013q4/bin/../lib/gcc/arm-none-eabi/4.8.3/../../../../arm-none-eabi/lib/armv7-m\libc.a(lib_a-sprintf.o)
                0x08008bd8                sprintf
 .text          0x08008c24      0x23c c:/program files (x86)/gnu tools arm embedded/4.8 2013q4/bin/../lib/gcc/arm-none-eabi/4.8.3/../../../../arm-none-eabi/lib/armv7-m\libc.a(lib_a-strcmp.o)
                0x08008c24                strcmp
 .text.strlen   0x08008e60       0x60 c:/program files (x86)/gnu tools arm embedded/4.8 2013q4/bin/../lib/gcc/arm-none-eabi/4.8.3/../../../../arm-none-eabi/lib/armv7-m\libc.a(lib_a-strlen.o)
                0x08008e60                strlen
 .text._strtol_r
                0x08008ec0      0x114 c:/program files (x86)/gnu tools arm embedded/4.8 2013q4/bin/../lib/gcc/arm-none-eabi/4.8.3/../../../../arm-none-eabi/lib/armv7-m\libc.a(lib_a-strtol.o)
                0x08008ec0                _strtol_r
 .text.strtol   0x08008fd4       0x18 c:/program files (x86)/gnu tools arm embedded/4.8 2013q4/bin/../lib/gcc/arm-none-eabi/4.8.3/../../../../arm-none-eabi/lib/armv7-m\libc.a(lib_a-strtol.o)
                0x08008fd4                strtol
 .text._svfprintf_r
                0x08008fec     0x14e0 c:/program files (x86)/gnu tools arm embedded/4.8 2013q4/bin/../lib/gcc/arm-none-eabi/4.8.3/../../../../arm-none-eabi/lib/armv7-m\libc.a(lib_a-svfprintf.o)
                0x08008fec                _svfprintf_r
 .text.startup.register_fini
                0x0800a4cc       0x14 c:/program files (x86)/gnu tools arm embedded/4.8 2013q4/bin/../lib/gcc/arm-none-eabi/4.8.3/../../../../arm-none-eabi/lib/armv7-m\libc.a(lib_a-__call_atexit.o)
 .text.atexit   0x0800a4e0        0xc c:/program files (x86)/gnu tools arm embedded/4.8 2013q4/bin/../lib/gcc/arm-none-eabi/4.8.3/../../../../arm-none-eabi/lib/armv7-m\libc.a(lib_a-atexit.o)
                0x0800a4e0                atexit
 .text.quorem   0x0800a4ec      0x134 c:/program files (x86)/gnu tools arm embedded/4.8 2013q4/bin/../lib/gcc/arm-none-eabi/4.8.3/../../../../arm-none-eabi/lib/armv7-m\libc.a(lib_a-dtoa.o)
 .text._dtoa_r  0x0800a620      0xe38 c:/program files (x86)/gnu tools arm embedded/4.8 2013q4/bin/../lib/gcc/arm-none-eabi/4.8.3/../../../../arm-none-eabi/lib/armv7-m\libc.a(lib_a-dtoa.o)
                0x0800a620                _dtoa_r
 .text.__libc_fini_array
                0x0800b458       0x30 c:/program files (x86)/gnu tools arm embedded/4.8 2013q4/bin/../lib/gcc/arm-none-eabi/4.8.3/../../../../arm-none-eabi/lib/armv7-m\libc.a(lib_a-fini.o)
                0x0800b458                __libc_fini_array
 .text._localeconv_r
                0x0800b488        0x8 c:/program files (x86)/gnu tools arm embedded/4.8 2013q4/bin/../lib/gcc/arm-none-eabi/4.8.3/../../../../arm-none-eabi/lib/armv7-m\libc.a(lib_a-locale.o)
                0x0800b488                _localeconv_r
 .text._malloc_r
                0x0800b490      0x538 c:/program files (x86)/gnu tools arm embedded/4.8 2013q4/bin/../lib/gcc/arm-none-eabi/4.8.3/../../../../arm-none-eabi/lib/armv7-m\libc.a(lib_a-mallocr.o)
                0x0800b490                _malloc_r
 .text.memchr   0x0800b9c8       0x94 c:/program files (x86)/gnu tools arm embedded/4.8 2013q4/bin/../lib/gcc/arm-none-eabi/4.8.3/../../../../arm-none-eabi/lib/armv7-m\libc.a(lib_a-memchr-stub.o)
                0x0800b9c8                memchr
 .text          0x0800ba5c       0xec c:/program files (x86)/gnu tools arm embedded/4.8 2013q4/bin/../lib/gcc/arm-none-eabi/4.8.3/../../../../arm-none-eabi/lib/armv7-m\libc.a(lib_a-memcpy.o)
                0x0800ba5c                memcpy
 .text.__malloc_lock
                0x0800bb48        0x4 c:/program files (x86)/gnu tools arm embedded/4.8 2013q4/bin/../lib/gcc/arm-none-eabi/4.8.3/../../../../arm-none-eabi/lib/armv7-m\libc.a(lib_a-mlock.o)
                0x0800bb48                __malloc_lock
 .text.__malloc_unlock
                0x0800bb4c        0x4 c:/program files (x86)/gnu tools arm embedded/4.8 2013q4/bin/../lib/gcc/arm-none-eabi/4.8.3/../../../../arm-none-eabi/lib/armv7-m\libc.a(lib_a-mlock.o)
                0x0800bb4c                __malloc_unlock
 .text._Balloc  0x0800bb50       0x4c c:/program files (x86)/gnu tools arm embedded/4.8 2013q4/bin/../lib/gcc/arm-none-eabi/4.8.3/../../../../arm-none-eabi/lib/armv7-m\libc.a(lib_a-mprec.o)
                0x0800bb50                _Balloc
 .text._Bfree   0x0800bb9c       0x14 c:/program files (x86)/gnu tools arm embedded/4.8 2013q4/bin/../lib/gcc/arm-none-eabi/4.8.3/../../../../arm-none-eabi/lib/armv7-m\libc.a(lib_a-mprec.o)
                0x0800bb9c                _Bfree
 .text.__multadd
                0x0800bbb0       0x94 c:/program files (x86)/gnu tools arm embedded/4.8 2013q4/bin/../lib/gcc/arm-none-eabi/4.8.3/../../../../arm-none-eabi/lib/armv7-m\libc.a(lib_a-mprec.o)
                0x0800bbb0                __multadd
 .text.__hi0bits
                0x0800bc44       0x40 c:/program files (x86)/gnu tools arm embedded/4.8 2013q4/bin/../lib/gcc/arm-none-eabi/4.8.3/../../../../arm-none-eabi/lib/armv7-m\libc.a(lib_a-mprec.o)
                0x0800bc44                __hi0bits
 .text.__lo0bits
                0x0800bc84       0x5c c:/program files (x86)/gnu tools arm embedded/4.8 2013q4/bin/../lib/gcc/arm-none-eabi/4.8.3/../../../../arm-none-eabi/lib/armv7-m\libc.a(lib_a-mprec.o)
                0x0800bc84                __lo0bits
 .text.__i2b    0x0800bce0       0x14 c:/program files (x86)/gnu tools arm embedded/4.8 2013q4/bin/../lib/gcc/arm-none-eabi/4.8.3/../../../../arm-none-eabi/lib/armv7-m\libc.a(lib_a-mprec.o)
                0x0800bce0                __i2b
 .text.__multiply
                0x0800bcf4      0x13c c:/program files (x86)/gnu tools arm embedded/4.8 2013q4/bin/../lib/gcc/arm-none-eabi/4.8.3/../../../../arm-none-eabi/lib/armv7-m\libc.a(lib_a-mprec.o)
                0x0800bcf4                __multiply
 .text.__pow5mult
                0x0800be30       0x9c c:/program files (x86)/gnu tools arm embedded/4.8 2013q4/bin/../lib/gcc/arm-none-eabi/4.8.3/../../../../arm-none-eabi/lib/armv7-m\libc.a(lib_a-mprec.o)
                0x0800be30                __pow5mult
 .text.__lshift
                0x0800becc       0xbc c:/program files (x86)/gnu tools arm embedded/4.8 2013q4/bin/../lib/gcc/arm-none-eabi/4.8.3/../../../../arm-none-eabi/lib/armv7-m\libc.a(lib_a-mprec.o)
                0x0800becc                __lshift
 .text.__mcmp   0x0800bf88       0x48 c:/program files (x86)/gnu tools arm embedded/4.8 2013q4/bin/../lib/gcc/arm-none-eabi/4.8.3/../../../../arm-none-eabi/lib/armv7-m\libc.a(lib_a-mprec.o)
                0x0800bf88                __mcmp
 .text.__mdiff  0x0800bfd0       0xd8 c:/program files (x86)/gnu tools arm embedded/4.8 2013q4/bin/../lib/gcc/arm-none-eabi/4.8.3/../../../../arm-none-eabi/lib/armv7-m\libc.a(lib_a-mprec.o)
                0x0800bfd0                __mdiff
 .text.__d2b    0x0800c0a8       0xbc c:/program files (x86)/gnu tools arm embedded/4.8 2013q4/bin/../lib/gcc/arm-none-eabi/4.8.3/../../../../arm-none-eabi/lib/armv7-m\libc.a(lib_a-mprec.o)
                0x0800c0a8                __d2b
 .text.__fpclassifyd
                0x0800c164       0x50 c:/program files (x86)/gnu tools arm embedded/4.8 2013q4/bin/../lib/gcc/arm-none-eabi/4.8.3/../../../../arm-none-eabi/lib/armv7-m\libc.a(lib_a-s_fpclassify.o)
                0x0800c164                __fpclassifyd
 .text._sbrk_r  0x0800c1b4       0x24 c:/program files (x86)/gnu tools arm embedded/4.8 2013q4/bin/../lib/gcc/arm-none-eabi/4.8.3/../../../../arm-none-eabi/lib/armv7-m\libc.a(lib_a-sbrkr.o)
                0x0800c1b4                _sbrk_r
 .text.__ssprint_r
                0x0800c1d8      0x100 c:/program files (x86)/gnu tools arm embedded/4.8 2013q4/bin/../lib/gcc/arm-none-eabi/4.8.3/../../../../arm-none-eabi/lib/armv7-m\libc.a(lib_a-svfiprintf.o)
                0x0800c1d8                __ssprint_r
 .text.__register_exitproc
                0x0800c2d8       0xa8 c:/program files (x86)/gnu tools arm embedded/4.8 2013q4/bin/../lib/gcc/arm-none-eabi/4.8.3/../../../../arm-none-eabi/lib/armv7-m\libc.a(lib_a-__atexit.o)
                0x0800c2d8                __register_exitproc
 .text._calloc_r
                0x0800c380       0x60 c:/program files (x86)/gnu tools arm embedded/4.8 2013q4/bin/../lib/gcc/arm-none-eabi/4.8.3/../../../../arm-none-eabi/lib/armv7-m\libc.a(lib_a-callocr.o)
                0x0800c380                _calloc_r
 .text._malloc_trim_r
                0x0800c3e0       0x9c c:/program files (x86)/gnu tools arm embedded/4.8 2013q4/bin/../lib/gcc/arm-none-eabi/4.8.3/../../../../arm-none-eabi/lib/armv7-m\libc.a(lib_a-freer.o)
                0x0800c3e0                _malloc_trim_r
 .text._free_r  0x0800c47c      0x198 c:/program files (x86)/gnu tools arm embedded/4.8 2013q4/bin/../lib/gcc/arm-none-eabi/4.8.3/../../../../arm-none-eabi/lib/armv7-m\libc.a(lib_a-freer.o)
                0x0800c47c                _free_r
 .text.memmove  0x0800c614       0xcc c:/program files (x86)/gnu tools arm embedded/4.8 2013q4/bin/../lib/gcc/arm-none-eabi/4.8.3/../../../../arm-none-eabi/lib/armv7-m\libc.a(lib_a-memmove.o)
                0x0800c614                memmove
 .text._realloc_r
                0x0800c6e0      0x3c0 c:/program files (x86)/gnu tools arm embedded/4.8 2013q4/bin/../lib/gcc/arm-none-eabi/4.8.3/../../../../arm-none-eabi/lib/armv7-m\libc.a(lib_a-reallocr.o)
                0x0800c6e0                _realloc_r
 .text          0x0800caa0       0x2c c:/program files (x86)/gnu tools arm embedded/4.8 2013q4/bin/../lib/gcc/arm-none-eabi/4.8.3/armv7-m\libgcc.a(_aeabi_uldivmod.o)
                0x0800caa0                __aeabi_uldivmod
 .text          0x0800cacc       0x60 c:/program files (x86)/gnu tools arm embedded/4.8 2013q4/bin/../lib/gcc/arm-none-eabi/4.8.3/armv7-m\libgcc.a(bpabi.o)
                0x0800cacc                __gnu_ldivmod_helper
                0x0800cafc                __gnu_uldivmod_helper
 .text          0x0800cb2c        0x4 c:/program files (x86)/gnu tools arm embedded/4.8 2013q4/bin/../lib/gcc/arm-none-eabi/4.8.3/armv7-m\libgcc.a(_dvmd_tls.o)
                0x0800cb2c                __aeabi_idiv0
                0x0800cb2c                __aeabi_ldiv0
 .text          0x0800cb30      0x2a0 c:/program files (x86)/gnu tools arm embedded/4.8 2013q4/bin/../lib/gcc/arm-none-eabi/4.8.3/armv7-m\libgcc.a(_divdi3.o)
                0x0800cb30                __divdi3
 .text          0x0800cdd0      0x290 c:/program files (x86)/gnu tools arm embedded/4.8 2013q4/bin/../lib/gcc/arm-none-eabi/4.8.3/armv7-m\libgcc.a(_udivdi3.o)
                0x0800cdd0                __udivdi3
 *(.init)
 .init          0x0800d060        0x4 c:/program files (x86)/gnu tools arm embedded/4.8 2013q4/bin/../lib/gcc/arm-none-eabi/4.8.3/armv7-m/crti.o
                0x0800d060                _init
 .init          0x0800d064        0x8 c:/program files (x86)/gnu tools arm embedded/4.8 2013q4/bin/../lib/gcc/arm-none-eabi/4.8.3/armv7-m/crtn.o
 *(.fini)
 .fini          0x0800d06c        0x4 c:/program files (x86)/gnu tools arm embedded/4.8 2013q4/bin/../lib/gcc/arm-none-eabi/4.8.3/armv7-m/crti.o
                0x0800d06c                _fini
 .fini          0x0800d070        0x8 c:/program files (x86)/gnu tools arm embedded/4.8 2013q4/bin/../lib/gcc/arm-none-eabi/4.8.3/armv7-m/crtn.o
 *crtbegin.o(.ctors)
 *crtbegin?.o(.ctors)
 *(EXCLUDE_FILE(*crtend.o *crtend?.o) .ctors)
 *(SORT(.ctors.*))
 *(.ctors)
 *crtbegin.o(.dtors)
 *crtbegin?.o(.dtors)
 *(EXCLUDE_FILE(*crtend.o *crtend?.o) .dtors)
 *(SORT(.dtors.*))
 *(.dtors)
 *(.rodata*)
 .rodata        0x0800d078      0x150 ..\obj\eth.o
 .rodata        0x0800d1c8     0x17dc ..\obj\main.o
 .rodata.npio2_hw
                0x0800e9a4       0x80 c:/program files (x86)/gnu tools arm embedded/4.8 2013q4/bin/../lib/gcc/arm-none-eabi/4.8.3/../../../../arm-none-eabi/lib/armv7-m\libm.a(lib_a-e_rem_pio2.o)
 .rodata.two_over_pi
                0x0800ea24      0x108 c:/program files (x86)/gnu tools arm embedded/4.8 2013q4/bin/../lib/gcc/arm-none-eabi/4.8.3/../../../../arm-none-eabi/lib/armv7-m\libm.a(lib_a-e_rem_pio2.o)
 .rodata.init_jk
                0x0800eb2c       0x10 c:/program files (x86)/gnu tools arm embedded/4.8 2013q4/bin/../lib/gcc/arm-none-eabi/4.8.3/../../../../arm-none-eabi/lib/armv7-m\libm.a(lib_a-k_rem_pio2.o)
 *fill*         0x0800eb3c        0x4 
 .rodata.PIo2   0x0800eb40       0x40 c:/program files (x86)/gnu tools arm embedded/4.8 2013q4/bin/../lib/gcc/arm-none-eabi/4.8.3/../../../../arm-none-eabi/lib/armv7-m\libm.a(lib_a-k_rem_pio2.o)
 .rodata.str1.4
                0x0800eb80        0x2 c:/program files (x86)/gnu tools arm embedded/4.8 2013q4/bin/../lib/gcc/arm-none-eabi/4.8.3/../../../../arm-none-eabi/lib/armv7-m\libc.a(lib_a-impure.o)
                                  0x4 (size before relaxing)
 *fill*         0x0800eb82        0x2 
 .rodata._global_impure_ptr
                0x0800eb84        0x4 c:/program files (x86)/gnu tools arm embedded/4.8 2013q4/bin/../lib/gcc/arm-none-eabi/4.8.3/../../../../arm-none-eabi/lib/armv7-m\libc.a(lib_a-impure.o)
                0x0800eb84                _global_impure_ptr
 .rodata.blanks.6743
                0x0800eb88       0x10 c:/program files (x86)/gnu tools arm embedded/4.8 2013q4/bin/../lib/gcc/arm-none-eabi/4.8.3/../../../../arm-none-eabi/lib/armv7-m\libc.a(lib_a-svfprintf.o)
 .rodata.str1.4
                0x0800eb98       0x42 c:/program files (x86)/gnu tools arm embedded/4.8 2013q4/bin/../lib/gcc/arm-none-eabi/4.8.3/../../../../arm-none-eabi/lib/armv7-m\libc.a(lib_a-svfprintf.o)
                                 0x44 (size before relaxing)
 *fill*         0x0800ebda        0x2 
 .rodata.zeroes.6744
                0x0800ebdc       0x10 c:/program files (x86)/gnu tools arm embedded/4.8 2013q4/bin/../lib/gcc/arm-none-eabi/4.8.3/../../../../arm-none-eabi/lib/armv7-m\libc.a(lib_a-svfprintf.o)
 .rodata._ctype_
                0x0800ebec      0x104 c:/program files (x86)/gnu tools arm embedded/4.8 2013q4/bin/../lib/gcc/arm-none-eabi/4.8.3/../../../../arm-none-eabi/lib/armv7-m\libc.a(lib_a-ctype_.o)
                0x0800ebec                _ctype_
 .rodata.str1.4
                0x0800ecf0       0x10 c:/program files (x86)/gnu tools arm embedded/4.8 2013q4/bin/../lib/gcc/arm-none-eabi/4.8.3/../../../../arm-none-eabi/lib/armv7-m\libc.a(lib_a-dtoa.o)
                                 0x14 (size before relaxing)
 .rodata.str1.4
                0x0800ed00        0xc c:/program files (x86)/gnu tools arm embedded/4.8 2013q4/bin/../lib/gcc/arm-none-eabi/4.8.3/../../../../arm-none-eabi/lib/armv7-m\libc.a(lib_a-locale.o)
                                 0x14 (size before relaxing)
 .rodata.p05.5288
                0x0800ed0c        0xc c:/program files (x86)/gnu tools arm embedded/4.8 2013q4/bin/../lib/gcc/arm-none-eabi/4.8.3/../../../../arm-none-eabi/lib/armv7-m\libc.a(lib_a-mprec.o)
 .rodata.__mprec_tens
                0x0800ed18       0xc8 c:/program files (x86)/gnu tools arm embedded/4.8 2013q4/bin/../lib/gcc/arm-none-eabi/4.8.3/../../../../arm-none-eabi/lib/armv7-m\libc.a(lib_a-mprec.o)
                0x0800ed18                __mprec_tens
 .rodata.__mprec_bigtens
                0x0800ede0       0x28 c:/program files (x86)/gnu tools arm embedded/4.8 2013q4/bin/../lib/gcc/arm-none-eabi/4.8.3/../../../../arm-none-eabi/lib/armv7-m\libc.a(lib_a-mprec.o)
                0x0800ede0                __mprec_bigtens
 *(.eh_fram e*)

.eh_frame       0x0800ee08        0x0
 .eh_frame      0x0800ee08        0x0 c:/program files (x86)/gnu tools arm embedded/4.8 2013q4/bin/../lib/gcc/arm-none-eabi/4.8.3/armv7-m/crtbegin.o

.glue_7         0x0800ee08        0x0
 .glue_7        0x00000000        0x0 linker stubs

.glue_7t        0x0800ee08        0x0
 .glue_7t       0x00000000        0x0 linker stubs

.vfp11_veneer   0x0800ee08        0x0
 .vfp11_veneer  0x00000000        0x0 linker stubs

.v4_bx          0x0800ee08        0x0
 .v4_bx         0x00000000        0x0 linker stubs

.iplt           0x0800ee08        0x0
 .iplt          0x00000000        0x0 c:/program files (x86)/gnu tools arm embedded/4.8 2013q4/bin/../lib/gcc/arm-none-eabi/4.8.3/armv7-m/crtbegin.o

.ARM.extab
 *(.ARM.extab* .gnu.linkonce.armextab.*)
                0x0800ee08                __exidx_start = .

.ARM.exidx      0x0800ee08        0x8
 *(.ARM.exidx* .gnu.linkonce.armexidx.*)
 .ARM.exidx     0x0800ee08        0x8 c:/program files (x86)/gnu tools arm embedded/4.8 2013q4/bin/../lib/gcc/arm-none-eabi/4.8.3/armv7-m\libgcc.a(_divdi3.o)
 .ARM.exidx     0x0800ee10        0x0 c:/program files (x86)/gnu tools arm embedded/4.8 2013q4/bin/../lib/gcc/arm-none-eabi/4.8.3/armv7-m\libgcc.a(_udivdi3.o)
                                  0x8 (size before relaxing)
                0x0800ee10                __exidx_end = .
                0x0800ee10                __etext = .
                0x0800ee10                _sidata = __etext

.rel.dyn        0x0800ee10        0x0
 .rel.iplt      0x00000000        0x0 c:/program files (x86)/gnu tools arm embedded/4.8 2013q4/bin/../lib/gcc/arm-none-eabi/4.8.3/armv7-m/crtbegin.o

.data           0x20000000      0x8e0 load address 0x0800ee10
                0x20000000                __data_start__ = .
                0x20000000                _sdata = __data_start__
 *(vtable)
 *(.data*)
 .data          0x20000000       0x2c ..\obj\eth.o
                0x20000000                MAC
                0x20000008                IP
                0x2000000c                GateWay
                0x20000010                SubNet
                0x20000014                Hard_reg
                0x2000001c                Receive_IP
                0x20000020                Receive_Port_destination
                0x20000024                Dest_IP
                0x20000028                Dest_PORT
 .data          0x2000002c       0x14 ..\obj\system_stm32f10x.o
                0x2000002c                SystemCoreClock
                0x20000030                AHBPrescTable
 .data          0x20000040        0x3 ..\obj\main.o
                0x20000040                Adress
                0x20000041                SYS_terminal
                0x20000042                flag_life_block
 *fill*         0x20000043        0x1 
 .data          0x20000044       0x14 ..\obj\stm32f10x_rcc.o
 .data.impure_data
                0x20000058      0x428 c:/program files (x86)/gnu tools arm embedded/4.8 2013q4/bin/../lib/gcc/arm-none-eabi/4.8.3/../../../../arm-none-eabi/lib/armv7-m\libc.a(lib_a-impure.o)
 .data._impure_ptr
                0x20000480        0x4 c:/program files (x86)/gnu tools arm embedded/4.8 2013q4/bin/../lib/gcc/arm-none-eabi/4.8.3/../../../../arm-none-eabi/lib/armv7-m\libc.a(lib_a-impure.o)
                0x20000480                _impure_ptr
 .data.__ctype_ptr__
                0x20000484        0x4 c:/program files (x86)/gnu tools arm embedded/4.8 2013q4/bin/../lib/gcc/arm-none-eabi/4.8.3/../../../../arm-none-eabi/lib/armv7-m\libc.a(lib_a-ctype_.o)
                0x20000484                __ctype_ptr__
 .data.lconv    0x20000488       0x38 c:/program files (x86)/gnu tools arm embedded/4.8 2013q4/bin/../lib/gcc/arm-none-eabi/4.8.3/../../../../arm-none-eabi/lib/armv7-m\libc.a(lib_a-locale.o)
 .data.__malloc_av_
                0x200004c0      0x408 c:/program files (x86)/gnu tools arm embedded/4.8 2013q4/bin/../lib/gcc/arm-none-eabi/4.8.3/../../../../arm-none-eabi/lib/armv7-m\libc.a(lib_a-mallocr.o)
                0x200004c0                __malloc_av_
 .data.__malloc_trim_threshold
                0x200008c8        0x4 c:/program files (x86)/gnu tools arm embedded/4.8 2013q4/bin/../lib/gcc/arm-none-eabi/4.8.3/../../../../arm-none-eabi/lib/armv7-m\libc.a(lib_a-mallocr.o)
                0x200008c8                __malloc_trim_threshold
 .data.__malloc_sbrk_base
                0x200008cc        0x4 c:/program files (x86)/gnu tools arm embedded/4.8 2013q4/bin/../lib/gcc/arm-none-eabi/4.8.3/../../../../arm-none-eabi/lib/armv7-m\libc.a(lib_a-mallocr.o)
                0x200008cc                __malloc_sbrk_base
                0x200008d0                . = ALIGN (0x4)
                0x200008d0                PROVIDE (__preinit_array_start, .)
 *(.preinit_array)
                0x200008d0                PROVIDE (__preinit_array_end, .)
                0x200008d0                . = ALIGN (0x4)
                0x200008d0                PROVIDE (__init_array_start, .)
 *(SORT(.init_array.*))
 .init_array.00000
                0x200008d0        0x4 c:/program files (x86)/gnu tools arm embedded/4.8 2013q4/bin/../lib/gcc/arm-none-eabi/4.8.3/../../../../arm-none-eabi/lib/armv7-m\libc.a(lib_a-__call_atexit.o)
 *(.init_array)
 .init_array    0x200008d4        0x4 c:/program files (x86)/gnu tools arm embedded/4.8 2013q4/bin/../lib/gcc/arm-none-eabi/4.8.3/armv7-m/crtbegin.o
                0x200008d8                PROVIDE (__init_array_end, .)
                0x200008d8                . = ALIGN (0x4)
                0x200008d8                PROVIDE (__fini_array_start, .)
 *(SORT(.fini_array.*))
 *(.fini_array)
 .fini_array    0x200008d8        0x4 c:/program files (x86)/gnu tools arm embedded/4.8 2013q4/bin/../lib/gcc/arm-none-eabi/4.8.3/armv7-m/crtbegin.o
                0x200008dc                PROVIDE (__fini_array_end, .)
 *(.jcr*)
 .jcr           0x200008dc        0x0 c:/program files (x86)/gnu tools arm embedded/4.8 2013q4/bin/../lib/gcc/arm-none-eabi/4.8.3/armv7-m/crtbegin.o
 .jcr           0x200008dc        0x4 c:/program files (x86)/gnu tools arm embedded/4.8 2013q4/bin/../lib/gcc/arm-none-eabi/4.8.3/armv7-m/crtend.o
                0x200008e0                . = ALIGN (0x4)
                0x200008e0                __data_end__ = .
                0x200008e0                _edata = __data_end__

.igot.plt       0x200008e0        0x0 load address 0x0800f6f0
 .igot.plt      0x00000000        0x0 c:/program files (x86)/gnu tools arm embedded/4.8 2013q4/bin/../lib/gcc/arm-none-eabi/4.8.3/armv7-m/crtbegin.o

.bss            0x200008e0     0x2320 load address 0x0800f6f0
                0x200008e0                . = ALIGN (0x4)
                0x200008e0                __bss_start__ = .
                0x200008e0                _sbss = __bss_start__
 *(.bss*)
 .bss           0x200008e0       0x1c c:/program files (x86)/gnu tools arm embedded/4.8 2013q4/bin/../lib/gcc/arm-none-eabi/4.8.3/armv7-m/crtbegin.o
 .bss           0x200008fc       0xb0 ..\obj\main.o
                0x20000904                flag_uart1
                0x20000905                flag_uart2
                0x20000908                lenght
                0x2000090c                Master_flag
                0x20000910                index1
                0x20000914                crc_ok
                0x20000915                packet_ok
                0x20000916                packet_flag
                0x20000918                index_z
                0x2000091c                index_word
                0x20000920                index_data_word
                0x20000924                index_data_word2
                0x20000928                lenght_data
                0x2000092c                data_flag
                0x2000092d                data_flag2
                0x2000092e                FLAG_lenght
                0x20000930                sch_lenght_data
                0x20000934                FLAG_DATA
                0x20000936                SCH_LENGHT_PACKET
                0x20000938                FLAG_CW
                0x2000093c                crc_input
                0x20000940                crc_comp
                0x20000944                SCH_7E_PAKET
                0x20000948                SCH_7E_PAKET_MAX
                0x2000094c                SCH_7k_PAKET
                0x20000950                SCH_7k_PAKET_MAX
                0x20000954                SCH_7ok_PAKET
                0x20000958                SCH_7ok_PAKET_MAX
                0x2000095c                flag_pcf
                0x2000095d                status_foch
                0x2000095e                Sys_control_health
                0x20000960                time1
                0x20000964                time2
                0x20000968                time_led1
                0x2000096c                time_led2
                0x20000970                time
                0x20000974                time_UPr
                0x20000978                time_Temp_DMA
                0x2000097c                time_wdg
                0x2000097d                flag_step
                0x20000980                TIMER_SCR
                0x20000984                timer_INIT_FAPCH1
                0x20000988                tick_wait_LED_Zahvat
                0x2000098c                flag_ADC
                0x20000990                DataConv
                0x20000994                RUN_FLAG
                0x20000995                RUN_FLAG_ON
                0x20000998                Lvl_f5MHz_in
                0x2000099c                Lvl_3v3
                0x200009a0                timer_start_init
                0x200009a2                timer_Temp
                0x200009a4                flag_lcd_init
                0x200009a6                timer_clock_watcher
                0x200009a8                timer_test
                0x200009aa                flag_pachka_TXT
 .bss           0x200009ac        0x4 ..\obj\syscalls.o
 .bss.__malloc_max_total_mem
                0x200009b0        0x4 c:/program files (x86)/gnu tools arm embedded/4.8 2013q4/bin/../lib/gcc/arm-none-eabi/4.8.3/../../../../arm-none-eabi/lib/armv7-m\libc.a(lib_a-mallocr.o)
                0x200009b0                __malloc_max_total_mem
 .bss.__malloc_max_sbrked_mem
                0x200009b4        0x4 c:/program files (x86)/gnu tools arm embedded/4.8 2013q4/bin/../lib/gcc/arm-none-eabi/4.8.3/../../../../arm-none-eabi/lib/armv7-m\libc.a(lib_a-mallocr.o)
                0x200009b4                __malloc_max_sbrked_mem
 .bss.__malloc_top_pad
                0x200009b8        0x4 c:/program files (x86)/gnu tools arm embedded/4.8 2013q4/bin/../lib/gcc/arm-none-eabi/4.8.3/../../../../arm-none-eabi/lib/armv7-m\libc.a(lib_a-mallocr.o)
                0x200009b8                __malloc_top_pad
 .bss.__malloc_current_mallinfo
                0x200009bc       0x28 c:/program files (x86)/gnu tools arm embedded/4.8 2013q4/bin/../lib/gcc/arm-none-eabi/4.8.3/../../../../arm-none-eabi/lib/armv7-m\libc.a(lib_a-mallocr.o)
                0x200009bc                __malloc_current_mallinfo
 *(COMMON)
 COMMON         0x200009e4      0x299 ..\obj\eth.o
                0x200009e4                state_INT11
                0x200009e5                BTN_var
                0x200009e8                TIMER_UDP_LS_DOWN
                0x200009ec                flag_INT
                0x200009ed                state_INT7
                0x200009f0                Receive_DATA
                0x20000a00                Receive_byte_size
                0x20000a02                state_INT14
                0x20000a04                CEV_actual
                0x20000a08                state_INT12
                0x20000a09                state_INT6
                0x20000a0c                TNC_actual
                0x20000a10                lsr_razmer
                0x20000a14                FLAG_START
                0x20000a18                SYNC_T0Tnc
                0x20000a1c                RX_BUF
                0x20000ae4                text_buffer_TCP
                0x20000b90                TX_BUF
                0x20000c58                FLAG_TOBM
                0x20000c5c                state_INT9
                0x20000c60                RX_resive_MAX
                0x20000c64                INT_var
                0x20000c65                state_INT10
                0x20000c66                size
                0x20000c68                START_packet
                0x20000c6c                TNO_actual
                0x20000c70                text_lengh_TCP
                0x20000c72                state_INT8
                0x20000c73                state_INT13
                0x20000c74                BTN_temp
                0x20000c75                flag_RX_UDP
                0x20000c76                state_INT15
                0x20000c77                Rec_Flag
                0x20000c78                sch_packet_UDP_reciv
                0x20000c7c                state_INT5
 *fill*         0x20000c7d        0x3 
 COMMON         0x20000c80     0x1f7c ..\obj\main.o
                0x20000c80                DATA_Word
                0x20000d4c                srt
                0x20000e15                rx_rd_index2
                0x20000e16                event2
                0x20000e17                event1_1
                0x20000e18                rx_buffer1
                0x20000f18                SysTickDelay
                0x20000f1c                Lvl_1v0
                0x20000f20                Alfa
                0x20000f24                FLAG_FPGA_INIT
                0x20000f25                rx_buffer_overflow1
                0x20000f28                text_lengh
                0x20000f2c                rx_counter2
                0x20000f30                time_uart
                0x20000f34                USART2_InitStructure
                0x20000f44                Word
                0x20000f68                Lvl_1v5
                0x20000f6c                B660
                0x2000103c                text_buffer
                0x2000203c                USART1_InitStructure
                0x2000204c                Struk0
                0x20002068                rx_wr_index2
                0x2000206c                Lvl_1v0_MGTVCC
                0x20002070                ADC_init_struct
                0x20002084                event1
                0x20002085                FLAG_FPGA_DONE
                0x20002088                RF_5MHz
                0x2000208c                rx_rd_index1
                0x20002090                Lvl_VTTREF
                0x20002094                rx_buffer2
                0x20002194                upr
                0x200021fc                DBm
                0x20002724                DATA_Word2
                0x200027f0                Lvl_1v2_MGTVCC
                0x200027f4                rx_counter1
                0x200027f8                InOut
                0x200028c4                Lvl_VTTDDR
                0x200028c8                Lvl_3V3
                0x200028cc                Temp_stm32
                0x200028d0                led_tick
                0x200028d4                GPIO_InitStructure
                0x200028d8                rx_buffer_overflow2
                0x200028d9                FLAG_B_LOCK_DETECT
                0x200028e0                eth1
                0x20002b50                FLAG_A_LOCK_DETECT
                0x20002b54                temp_upr
                0x20002bbc                rx_wr_index1
                0x20002bc0                Lvl_1v8
                0x20002bc4                devices
                0x20002bc5                event2_1
                0x20002bc8                U_stm32
                0x20002bcc                time_Temp_convert
                0x20002bcd                flag_Temp_convert
                0x20002bd0                Lvl_2v5
                0x20002bd4                EXTI_InitStructure
                0x20002bdc                strng
 COMMON         0x20002bfc        0x4 c:/program files (x86)/gnu tools arm embedded/4.8 2013q4/bin/../lib/gcc/arm-none-eabi/4.8.3/../../../../arm-none-eabi/lib/armv7-m\libc.a(lib_a-reent.o)
                0x20002bfc                errno
                0x20002c00                . = ALIGN (0x4)
                0x20002c00                __bss_end__ = .
                0x20002c00                _ebss = __bss_end__

.heap           0x20002c00        0x0
                0x20002c00                __end__ = .
                0x20002c00                _end = __end__
                0x20002c00                end = __end__
 *(.heap*)
                0x20002c00                __HeapLimit = .

.co_stack       0x20002c00     0x1400 load address 0x08011a10
                0x20002c00                . = ALIGN (0x8)
 *(.co_stack .co_stack.*)
 .co_stack      0x20002c00     0x1400 ..\obj\startup_stm32f10x_md.o
                0x20002c00                pulStack
                0x20005000                __StackTop = (ORIGIN (ram) + 0x5000)
                0x20003c00                __StackLimit = (__StackTop - SIZEOF (.co_stack))
                0x20005000                PROVIDE (__stack, __StackTop)
                0x00000001                ASSERT ((__StackLimit >= __HeapLimit), region ram  overflowed with stack)
LOAD ..\obj\stm32f10x_tim.o
LOAD ..\obj\eth.o
LOAD ..\obj\system_stm32f10x.o
LOAD ..\obj\startup_stm32f10x_md.o
LOAD ..\obj\stm32f10x_gpio.o
LOAD ..\obj\main.o
LOAD ..\obj\stm32f10x_rcc.o
LOAD ..\obj\stm32f10x_exti.o
LOAD ..\obj\stm32f10x_adc.o
LOAD ..\obj\stm32f10x_usart.o
LOAD ..\obj\onewire.o
LOAD ..\obj\syscalls.o
LOAD ..\obj\stm32f10x_dma.o
LOAD ..\obj\stm32f10x_spi.o
LOAD ..\obj\stm32f10x_i2c.o
LOAD c:/program files (x86)/gnu tools arm embedded/4.8 2013q4/bin/../lib/gcc/arm-none-eabi/4.8.3/../../../../arm-none-eabi/lib/armv7-m\libm.a
LOAD c:/program files (x86)/gnu tools arm embedded/4.8 2013q4/bin/../lib/gcc/arm-none-eabi/4.8.3/armv7-m\libgcc.a
LOAD c:/program files (x86)/gnu tools arm embedded/4.8 2013q4/bin/../lib/gcc/arm-none-eabi/4.8.3/../../../../arm-none-eabi/lib/armv7-m\libc.a
LOAD c:/program files (x86)/gnu tools arm embedded/4.8 2013q4/bin/../lib/gcc/arm-none-eabi/4.8.3/../../../../arm-none-eabi/lib/armv7-m\libstdc++.a
START GROUP
LOAD c:/program files (x86)/gnu tools arm embedded/4.8 2013q4/bin/../lib/gcc/arm-none-eabi/4.8.3/armv7-m\libgcc.a
LOAD c:/program files (x86)/gnu tools arm embedded/4.8 2013q4/bin/../lib/gcc/arm-none-eabi/4.8.3/../../../../arm-none-eabi/lib/armv7-m\libg.a
LOAD c:/program files (x86)/gnu tools arm embedded/4.8 2013q4/bin/../lib/gcc/arm-none-eabi/4.8.3/../../../../arm-none-eabi/lib/armv7-m\libc.a
END GROUP
LOAD c:/program files (x86)/gnu tools arm embedded/4.8 2013q4/bin/../lib/gcc/arm-none-eabi/4.8.3/armv7-m/crtend.o
LOAD c:/program files (x86)/gnu tools arm embedded/4.8 2013q4/bin/../lib/gcc/arm-none-eabi/4.8.3/armv7-m/crtn.o
OUTPUT(pj1.elf elf32-littlearm)

.ARM.attributes
                0x00000000       0x29
 .ARM.attributes
                0x00000000       0x1d c:/program files (x86)/gnu tools arm embedded/4.8 2013q4/bin/../lib/gcc/arm-none-eabi/4.8.3/armv7-m/crti.o
 .ARM.attributes
                0x0000001d       0x2d c:/program files (x86)/gnu tools arm embedded/4.8 2013q4/bin/../lib/gcc/arm-none-eabi/4.8.3/armv7-m/crtbegin.o
 .ARM.attributes
                0x0000004a       0x33 ..\obj\eth.o
 .ARM.attributes
                0x0000007d       0x33 ..\obj\system_stm32f10x.o
 .ARM.attributes
                0x000000b0       0x33 ..\obj\startup_stm32f10x_md.o
 .ARM.attributes
                0x000000e3       0x33 ..\obj\stm32f10x_gpio.o
 .ARM.attributes
                0x00000116       0x33 ..\obj\main.o
 .ARM.attributes
                0x00000149       0x33 ..\obj\stm32f10x_rcc.o
 .ARM.attributes
                0x0000017c       0x33 ..\obj\stm32f10x_exti.o
 .ARM.attributes
                0x000001af       0x33 ..\obj\stm32f10x_adc.o
 .ARM.attributes
                0x000001e2       0x33 ..\obj\stm32f10x_usart.o
 .ARM.attributes
                0x00000215       0x33 ..\obj\syscalls.o
 .ARM.attributes
                0x00000248       0x33 ..\obj\stm32f10x_dma.o
 .ARM.attributes
                0x0000027b       0x33 ..\obj\stm32f10x_spi.o
 .ARM.attributes
                0x000002ae       0x2d c:/program files (x86)/gnu tools arm embedded/4.8 2013q4/bin/../lib/gcc/arm-none-eabi/4.8.3/../../../../arm-none-eabi/lib/armv7-m\libm.a(lib_a-s_sin.o)
 .ARM.attributes
                0x000002db       0x2d c:/program files (x86)/gnu tools arm embedded/4.8 2013q4/bin/../lib/gcc/arm-none-eabi/4.8.3/../../../../arm-none-eabi/lib/armv7-m\libm.a(lib_a-e_rem_pio2.o)
 .ARM.attributes
                0x00000308       0x2d c:/program files (x86)/gnu tools arm embedded/4.8 2013q4/bin/../lib/gcc/arm-none-eabi/4.8.3/../../../../arm-none-eabi/lib/armv7-m\libm.a(lib_a-k_cos.o)
 .ARM.attributes
                0x00000335       0x2d c:/program files (x86)/gnu tools arm embedded/4.8 2013q4/bin/../lib/gcc/arm-none-eabi/4.8.3/../../../../arm-none-eabi/lib/armv7-m\libm.a(lib_a-k_rem_pio2.o)
 .ARM.attributes
                0x00000362       0x2d c:/program files (x86)/gnu tools arm embedded/4.8 2013q4/bin/../lib/gcc/arm-none-eabi/4.8.3/../../../../arm-none-eabi/lib/armv7-m\libm.a(lib_a-k_sin.o)
 .ARM.attributes
                0x0000038f       0x2d c:/program files (x86)/gnu tools arm embedded/4.8 2013q4/bin/../lib/gcc/arm-none-eabi/4.8.3/../../../../arm-none-eabi/lib/armv7-m\libm.a(lib_a-s_fabs.o)
 .ARM.attributes
                0x000003bc       0x2d c:/program files (x86)/gnu tools arm embedded/4.8 2013q4/bin/../lib/gcc/arm-none-eabi/4.8.3/../../../../arm-none-eabi/lib/armv7-m\libm.a(lib_a-s_floor.o)
 .ARM.attributes
                0x000003e9       0x2d c:/program files (x86)/gnu tools arm embedded/4.8 2013q4/bin/../lib/gcc/arm-none-eabi/4.8.3/../../../../arm-none-eabi/lib/armv7-m\libm.a(lib_a-s_scalbn.o)
 .ARM.attributes
                0x00000416       0x2d c:/program files (x86)/gnu tools arm embedded/4.8 2013q4/bin/../lib/gcc/arm-none-eabi/4.8.3/../../../../arm-none-eabi/lib/armv7-m\libm.a(lib_a-s_copysign.o)
 .ARM.attributes
                0x00000443       0x1d c:/program files (x86)/gnu tools arm embedded/4.8 2013q4/bin/../lib/gcc/arm-none-eabi/4.8.3/armv7-m\libgcc.a(_arm_addsubdf3.o)
 .ARM.attributes
                0x00000460       0x1d c:/program files (x86)/gnu tools arm embedded/4.8 2013q4/bin/../lib/gcc/arm-none-eabi/4.8.3/armv7-m\libgcc.a(_arm_muldivdf3.o)
 .ARM.attributes
                0x0000047d       0x1d c:/program files (x86)/gnu tools arm embedded/4.8 2013q4/bin/../lib/gcc/arm-none-eabi/4.8.3/armv7-m\libgcc.a(_arm_cmpdf2.o)
 .ARM.attributes
                0x0000049a       0x1d c:/program files (x86)/gnu tools arm embedded/4.8 2013q4/bin/../lib/gcc/arm-none-eabi/4.8.3/armv7-m\libgcc.a(_arm_fixdfsi.o)
 .ARM.attributes
                0x000004b7       0x1d c:/program files (x86)/gnu tools arm embedded/4.8 2013q4/bin/../lib/gcc/arm-none-eabi/4.8.3/armv7-m\libgcc.a(_arm_truncdfsf2.o)
 .ARM.attributes
                0x000004d4       0x1d c:/program files (x86)/gnu tools arm embedded/4.8 2013q4/bin/../lib/gcc/arm-none-eabi/4.8.3/armv7-m\libgcc.a(_arm_addsubsf3.o)
 .ARM.attributes
                0x000004f1       0x1d c:/program files (x86)/gnu tools arm embedded/4.8 2013q4/bin/../lib/gcc/arm-none-eabi/4.8.3/armv7-m\libgcc.a(_arm_muldivsf3.o)
 .ARM.attributes
                0x0000050e       0x1d c:/program files (x86)/gnu tools arm embedded/4.8 2013q4/bin/../lib/gcc/arm-none-eabi/4.8.3/armv7-m\libgcc.a(_arm_cmpsf2.o)
 .ARM.attributes
                0x0000052b       0x1d c:/program files (x86)/gnu tools arm embedded/4.8 2013q4/bin/../lib/gcc/arm-none-eabi/4.8.3/armv7-m\libgcc.a(_arm_fixsfsi.o)
 .ARM.attributes
                0x00000548       0x2d c:/program files (x86)/gnu tools arm embedded/4.8 2013q4/bin/../lib/gcc/arm-none-eabi/4.8.3/../../../../arm-none-eabi/lib/armv7-m\libc.a(lib_a-atoi.o)
 .ARM.attributes
                0x00000575       0x2d c:/program files (x86)/gnu tools arm embedded/4.8 2013q4/bin/../lib/gcc/arm-none-eabi/4.8.3/../../../../arm-none-eabi/lib/armv7-m\libc.a(lib_a-impure.o)
 .ARM.attributes
                0x000005a2       0x2d c:/program files (x86)/gnu tools arm embedded/4.8 2013q4/bin/../lib/gcc/arm-none-eabi/4.8.3/../../../../arm-none-eabi/lib/armv7-m\libc.a(lib_a-memset.o)
 .ARM.attributes
                0x000005cf       0x2d c:/program files (x86)/gnu tools arm embedded/4.8 2013q4/bin/../lib/gcc/arm-none-eabi/4.8.3/../../../../arm-none-eabi/lib/armv7-m\libc.a(lib_a-rand.o)
 .ARM.attributes
                0x000005fc       0x2d c:/program files (x86)/gnu tools arm embedded/4.8 2013q4/bin/../lib/gcc/arm-none-eabi/4.8.3/../../../../arm-none-eabi/lib/armv7-m\libc.a(lib_a-sprintf.o)
 .ARM.attributes
                0x00000629       0x1b c:/program files (x86)/gnu tools arm embedded/4.8 2013q4/bin/../lib/gcc/arm-none-eabi/4.8.3/../../../../arm-none-eabi/lib/armv7-m\libc.a(lib_a-strcmp.o)
 .ARM.attributes
                0x00000644       0x2d c:/program files (x86)/gnu tools arm embedded/4.8 2013q4/bin/../lib/gcc/arm-none-eabi/4.8.3/../../../../arm-none-eabi/lib/armv7-m\libc.a(lib_a-strlen.o)
 .ARM.attributes
                0x00000671       0x2d c:/program files (x86)/gnu tools arm embedded/4.8 2013q4/bin/../lib/gcc/arm-none-eabi/4.8.3/../../../../arm-none-eabi/lib/armv7-m\libc.a(lib_a-strtol.o)
 .ARM.attributes
                0x0000069e       0x2d c:/program files (x86)/gnu tools arm embedded/4.8 2013q4/bin/../lib/gcc/arm-none-eabi/4.8.3/../../../../arm-none-eabi/lib/armv7-m\libc.a(lib_a-svfprintf.o)
 .ARM.attributes
                0x000006cb       0x2d c:/program files (x86)/gnu tools arm embedded/4.8 2013q4/bin/../lib/gcc/arm-none-eabi/4.8.3/../../../../arm-none-eabi/lib/armv7-m\libc.a(lib_a-__call_atexit.o)
 .ARM.attributes
                0x000006f8       0x2d c:/program files (x86)/gnu tools arm embedded/4.8 2013q4/bin/../lib/gcc/arm-none-eabi/4.8.3/../../../../arm-none-eabi/lib/armv7-m\libc.a(lib_a-atexit.o)
 .ARM.attributes
                0x00000725       0x2d c:/program files (x86)/gnu tools arm embedded/4.8 2013q4/bin/../lib/gcc/arm-none-eabi/4.8.3/../../../../arm-none-eabi/lib/armv7-m\libc.a(lib_a-ctype_.o)
 .ARM.attributes
                0x00000752       0x2d c:/program files (x86)/gnu tools arm embedded/4.8 2013q4/bin/../lib/gcc/arm-none-eabi/4.8.3/../../../../arm-none-eabi/lib/armv7-m\libc.a(lib_a-dtoa.o)
 .ARM.attributes
                0x0000077f       0x2d c:/program files (x86)/gnu tools arm embedded/4.8 2013q4/bin/../lib/gcc/arm-none-eabi/4.8.3/../../../../arm-none-eabi/lib/armv7-m\libc.a(lib_a-fini.o)
 .ARM.attributes
                0x000007ac       0x2d c:/program files (x86)/gnu tools arm embedded/4.8 2013q4/bin/../lib/gcc/arm-none-eabi/4.8.3/../../../../arm-none-eabi/lib/armv7-m\libc.a(lib_a-locale.o)
 .ARM.attributes
                0x000007d9       0x2d c:/program files (x86)/gnu tools arm embedded/4.8 2013q4/bin/../lib/gcc/arm-none-eabi/4.8.3/../../../../arm-none-eabi/lib/armv7-m\libc.a(lib_a-mallocr.o)
 .ARM.attributes
                0x00000806       0x2d c:/program files (x86)/gnu tools arm embedded/4.8 2013q4/bin/../lib/gcc/arm-none-eabi/4.8.3/../../../../arm-none-eabi/lib/armv7-m\libc.a(lib_a-memchr-stub.o)
 .ARM.attributes
                0x00000833       0x1b c:/program files (x86)/gnu tools arm embedded/4.8 2013q4/bin/../lib/gcc/arm-none-eabi/4.8.3/../../../../arm-none-eabi/lib/armv7-m\libc.a(lib_a-memcpy.o)
 .ARM.attributes
                0x0000084e       0x2d c:/program files (x86)/gnu tools arm embedded/4.8 2013q4/bin/../lib/gcc/arm-none-eabi/4.8.3/../../../../arm-none-eabi/lib/armv7-m\libc.a(lib_a-mlock.o)
 .ARM.attributes
                0x0000087b       0x2d c:/program files (x86)/gnu tools arm embedded/4.8 2013q4/bin/../lib/gcc/arm-none-eabi/4.8.3/../../../../arm-none-eabi/lib/armv7-m\libc.a(lib_a-mprec.o)
 .ARM.attributes
                0x000008a8       0x2d c:/program files (x86)/gnu tools arm embedded/4.8 2013q4/bin/../lib/gcc/arm-none-eabi/4.8.3/../../../../arm-none-eabi/lib/armv7-m\libc.a(lib_a-s_fpclassify.o)
 .ARM.attributes
                0x000008d5       0x2d c:/program files (x86)/gnu tools arm embedded/4.8 2013q4/bin/../lib/gcc/arm-none-eabi/4.8.3/../../../../arm-none-eabi/lib/armv7-m\libc.a(lib_a-sbrkr.o)
 .ARM.attributes
                0x00000902       0x2d c:/program files (x86)/gnu tools arm embedded/4.8 2013q4/bin/../lib/gcc/arm-none-eabi/4.8.3/../../../../arm-none-eabi/lib/armv7-m\libc.a(lib_a-svfiprintf.o)
 .ARM.attributes
                0x0000092f       0x2d c:/program files (x86)/gnu tools arm embedded/4.8 2013q4/bin/../lib/gcc/arm-none-eabi/4.8.3/../../../../arm-none-eabi/lib/armv7-m\libc.a(lib_a-__atexit.o)
 .ARM.attributes
                0x0000095c       0x2d c:/program files (x86)/gnu tools arm embedded/4.8 2013q4/bin/../lib/gcc/arm-none-eabi/4.8.3/../../../../arm-none-eabi/lib/armv7-m\libc.a(lib_a-callocr.o)
 .ARM.attributes
                0x00000989       0x2d c:/program files (x86)/gnu tools arm embedded/4.8 2013q4/bin/../lib/gcc/arm-none-eabi/4.8.3/../../../../arm-none-eabi/lib/armv7-m\libc.a(lib_a-freer.o)
 .ARM.attributes
                0x000009b6       0x2d c:/program files (x86)/gnu tools arm embedded/4.8 2013q4/bin/../lib/gcc/arm-none-eabi/4.8.3/../../../../arm-none-eabi/lib/armv7-m\libc.a(lib_a-memmove.o)
 .ARM.attributes
                0x000009e3       0x2d c:/program files (x86)/gnu tools arm embedded/4.8 2013q4/bin/../lib/gcc/arm-none-eabi/4.8.3/../../../../arm-none-eabi/lib/armv7-m\libc.a(lib_a-reallocr.o)
 .ARM.attributes
                0x00000a10       0x2d c:/program files (x86)/gnu tools arm embedded/4.8 2013q4/bin/../lib/gcc/arm-none-eabi/4.8.3/../../../../arm-none-eabi/lib/armv7-m\libc.a(lib_a-reent.o)
 .ARM.attributes
                0x00000a3d       0x1d c:/program files (x86)/gnu tools arm embedded/4.8 2013q4/bin/../lib/gcc/arm-none-eabi/4.8.3/armv7-m\libgcc.a(_aeabi_uldivmod.o)
 .ARM.attributes
                0x00000a5a       0x2d c:/program files (x86)/gnu tools arm embedded/4.8 2013q4/bin/../lib/gcc/arm-none-eabi/4.8.3/armv7-m\libgcc.a(bpabi.o)
 .ARM.attributes
                0x00000a87       0x1d c:/program files (x86)/gnu tools arm embedded/4.8 2013q4/bin/../lib/gcc/arm-none-eabi/4.8.3/armv7-m\libgcc.a(_dvmd_tls.o)
 .ARM.attributes
                0x00000aa4       0x2d c:/program files (x86)/gnu tools arm embedded/4.8 2013q4/bin/../lib/gcc/arm-none-eabi/4.8.3/armv7-m\libgcc.a(_divdi3.o)
 .ARM.attributes
                0x00000ad1       0x2d c:/program files (x86)/gnu tools arm embedded/4.8 2013q4/bin/../lib/gcc/arm-none-eabi/4.8.3/armv7-m\libgcc.a(_udivdi3.o)
 .ARM.attributes
                0x00000afe       0x2d c:/program files (x86)/gnu tools arm embedded/4.8 2013q4/bin/../lib/gcc/arm-none-eabi/4.8.3/armv7-m/crtend.o
 .ARM.attributes
                0x00000b2b       0x1d c:/program files (x86)/gnu tools arm embedded/4.8 2013q4/bin/../lib/gcc/arm-none-eabi/4.8.3/armv7-m/crtn.o

.comment        0x00000000       0x70
 .comment       0x00000000       0x70 ..\obj\eth.o
                                 0x71 (size before relaxing)
 .comment       0x00000000       0x71 ..\obj\system_stm32f10x.o
 .comment       0x00000000       0x71 ..\obj\startup_stm32f10x_md.o
 .comment       0x00000000       0x71 ..\obj\stm32f10x_gpio.o
 .comment       0x00000000       0x71 ..\obj\main.o
 .comment       0x00000000       0x71 ..\obj\stm32f10x_rcc.o
 .comment       0x00000000       0x71 ..\obj\stm32f10x_exti.o
 .comment       0x00000000       0x71 ..\obj\stm32f10x_adc.o
 .comment       0x00000000       0x71 ..\obj\stm32f10x_usart.o
 .comment       0x00000000       0x71 ..\obj\syscalls.o
 .comment       0x00000000       0x71 ..\obj\stm32f10x_dma.o
 .comment       0x00000000       0x71 ..\obj\stm32f10x_spi.o

.debug_info     0x00000000     0x9459
 .debug_info    0x00000000     0x1900 ..\obj\eth.o
 .debug_info    0x00001900      0x44d ..\obj\system_stm32f10x.o
 .debug_info    0x00001d4d       0xea ..\obj\startup_stm32f10x_md.o
 .debug_info    0x00001e37      0x6bb ..\obj\stm32f10x_gpio.o
 .debug_info    0x000024f2     0x3dd0 ..\obj\main.o
 .debug_info    0x000062c2      0x861 ..\obj\stm32f10x_rcc.o
 .debug_info    0x00006b23      0x32b ..\obj\stm32f10x_exti.o
 .debug_info    0x00006e4e      0xb48 ..\obj\stm32f10x_adc.o
 .debug_info    0x00007996      0x9bc ..\obj\stm32f10x_usart.o
 .debug_info    0x00008352      0x3ee ..\obj\syscalls.o
 .debug_info    0x00008740      0x452 ..\obj\stm32f10x_dma.o
 .debug_info    0x00008b92      0x8c7 ..\obj\stm32f10x_spi.o

.debug_abbrev   0x00000000     0x1391
 .debug_abbrev  0x00000000      0x24d ..\obj\eth.o
 .debug_abbrev  0x0000024d      0x14c ..\obj\system_stm32f10x.o
 .debug_abbrev  0x00000399       0xb0 ..\obj\startup_stm32f10x_md.o
 .debug_abbrev  0x00000449      0x1c8 ..\obj\stm32f10x_gpio.o
 .debug_abbrev  0x00000611      0x3c6 ..\obj\main.o
 .debug_abbrev  0x000009d7      0x1ba ..\obj\stm32f10x_rcc.o
 .debug_abbrev  0x00000b91      0x151 ..\obj\stm32f10x_exti.o
 .debug_abbrev  0x00000ce2      0x198 ..\obj\stm32f10x_adc.o
 .debug_abbrev  0x00000e7a      0x162 ..\obj\stm32f10x_usart.o
 .debug_abbrev  0x00000fdc       0xe2 ..\obj\syscalls.o
 .debug_abbrev  0x000010be      0x155 ..\obj\stm32f10x_dma.o
 .debug_abbrev  0x00001213      0x17e ..\obj\stm32f10x_spi.o

.debug_aranges  0x00000000      0xa00
 .debug_aranges
                0x00000000      0x108 ..\obj\eth.o
 .debug_aranges
                0x00000108       0x38 ..\obj\system_stm32f10x.o
 .debug_aranges
                0x00000140       0x28 ..\obj\startup_stm32f10x_md.o
 .debug_aranges
                0x00000168       0xa8 ..\obj\stm32f10x_gpio.o
 .debug_aranges
                0x00000210      0x2a8 ..\obj\main.o
 .debug_aranges
                0x000004b8      0x118 ..\obj\stm32f10x_rcc.o
 .debug_aranges
                0x000005d0       0x58 ..\obj\stm32f10x_exti.o
 .debug_aranges
                0x00000628      0x138 ..\obj\stm32f10x_adc.o
 .debug_aranges
                0x00000760      0x100 ..\obj\stm32f10x_usart.o
 .debug_aranges
                0x00000860       0x60 ..\obj\syscalls.o
 .debug_aranges
                0x000008c0       0x70 ..\obj\stm32f10x_dma.o
 .debug_aranges
                0x00000930       0xd0 ..\obj\stm32f10x_spi.o

.debug_ranges   0x00000000      0x940
 .debug_ranges  0x00000000       0xf8 ..\obj\eth.o
 .debug_ranges  0x000000f8       0x28 ..\obj\system_stm32f10x.o
 .debug_ranges  0x00000120       0x18 ..\obj\startup_stm32f10x_md.o
 .debug_ranges  0x00000138       0x98 ..\obj\stm32f10x_gpio.o
 .debug_ranges  0x000001d0      0x298 ..\obj\main.o
 .debug_ranges  0x00000468      0x108 ..\obj\stm32f10x_rcc.o
 .debug_ranges  0x00000570       0x48 ..\obj\stm32f10x_exti.o
 .debug_ranges  0x000005b8      0x128 ..\obj\stm32f10x_adc.o
 .debug_ranges  0x000006e0       0xf0 ..\obj\stm32f10x_usart.o
 .debug_ranges  0x000007d0       0x50 ..\obj\syscalls.o
 .debug_ranges  0x00000820       0x60 ..\obj\stm32f10x_dma.o
 .debug_ranges  0x00000880       0xc0 ..\obj\stm32f10x_spi.o

.debug_line     0x00000000     0x34d3
 .debug_line    0x00000000      0x465 ..\obj\eth.o
 .debug_line    0x00000465      0x19b ..\obj\system_stm32f10x.o
 .debug_line    0x00000600       0x9d ..\obj\startup_stm32f10x_md.o
 .debug_line    0x0000069d      0x328 ..\obj\stm32f10x_gpio.o
 .debug_line    0x000009c5     0x1489 ..\obj\main.o
 .debug_line    0x00001e4e      0x436 ..\obj\stm32f10x_rcc.o
 .debug_line    0x00002284      0x21e ..\obj\stm32f10x_exti.o
 .debug_line    0x000024a2      0x49b ..\obj\stm32f10x_adc.o
 .debug_line    0x0000293d      0x413 ..\obj\stm32f10x_usart.o
 .debug_line    0x00002d50      0x16b ..\obj\syscalls.o
 .debug_line    0x00002ebb      0x27d ..\obj\stm32f10x_dma.o
 .debug_line    0x00003138      0x39b ..\obj\stm32f10x_spi.o

.debug_str      0x00000000     0x376b
 .debug_str     0x00000000      0xb9f ..\obj\eth.o
                                0xc18 (size before relaxing)
 .debug_str     0x00000b9f      0x172 ..\obj\system_stm32f10x.o
                                0x2c8 (size before relaxing)
 .debug_str     0x00000d11       0xab ..\obj\startup_stm32f10x_md.o
                                0x142 (size before relaxing)
 .debug_str     0x00000dbc      0x399 ..\obj\stm32f10x_gpio.o
                                0x4f2 (size before relaxing)
 .debug_str     0x00001155     0x1401 ..\obj\main.o
                               0x2096 (size before relaxing)
 .debug_str     0x00002556      0x3e3 ..\obj\stm32f10x_rcc.o
                                0x5f3 (size before relaxing)
 .debug_str     0x00002939      0x100 ..\obj\stm32f10x_exti.o
                                0x337 (size before relaxing)
 .debug_str     0x00002a39      0x45a ..\obj\stm32f10x_adc.o
                                0x6d4 (size before relaxing)
 .debug_str     0x00002e93      0x39d ..\obj\stm32f10x_usart.o
                                0x669 (size before relaxing)
 .debug_str     0x00003230      0x14e ..\obj\syscalls.o
                                0x2be (size before relaxing)
 .debug_str     0x0000337e      0x13a ..\obj\stm32f10x_dma.o
                                0x39a (size before relaxing)
 .debug_str     0x000034b8      0x2b3 ..\obj\stm32f10x_spi.o
                                0x5d6 (size before relaxing)

.debug_frame    0x00000000     0x2b74
 .debug_frame   0x00000000      0x3b8 ..\obj\eth.o
 .debug_frame   0x000003b8       0x80 ..\obj\system_stm32f10x.o
 .debug_frame   0x00000438       0x48 ..\obj\startup_stm32f10x_md.o
 .debug_frame   0x00000480      0x210 ..\obj\stm32f10x_gpio.o
 .debug_frame   0x00000690      0x9c4 ..\obj\main.o
 .debug_frame   0x00001054      0x388 ..\obj\stm32f10x_rcc.o
 .debug_frame   0x000013dc       0xec ..\obj\stm32f10x_exti.o
 .debug_frame   0x000014c8      0x400 ..\obj\stm32f10x_adc.o
 .debug_frame   0x000018c8      0x344 ..\obj\stm32f10x_usart.o
 .debug_frame   0x00001c0c      0x108 ..\obj\syscalls.o
 .debug_frame   0x00001d14      0x144 ..\obj\stm32f10x_dma.o
 .debug_frame   0x00001e58      0x29c ..\obj\stm32f10x_spi.o
 .debug_frame   0x000020f4       0x30 c:/program files (x86)/gnu tools arm embedded/4.8 2013q4/bin/../lib/gcc/arm-none-eabi/4.8.3/../../../../arm-none-eabi/lib/armv7-m\libm.a(lib_a-s_sin.o)
 .debug_frame   0x00002124       0x38 c:/program files (x86)/gnu tools arm embedded/4.8 2013q4/bin/../lib/gcc/arm-none-eabi/4.8.3/../../../../arm-none-eabi/lib/armv7-m\libm.a(lib_a-e_rem_pio2.o)
 .debug_frame   0x0000215c       0x38 c:/program files (x86)/gnu tools arm embedded/4.8 2013q4/bin/../lib/gcc/arm-none-eabi/4.8.3/../../../../arm-none-eabi/lib/armv7-m\libm.a(lib_a-k_cos.o)
 .debug_frame   0x00002194       0x3c c:/program files (x86)/gnu tools arm embedded/4.8 2013q4/bin/../lib/gcc/arm-none-eabi/4.8.3/../../../../arm-none-eabi/lib/armv7-m\libm.a(lib_a-k_rem_pio2.o)
 .debug_frame   0x000021d0       0x38 c:/program files (x86)/gnu tools arm embedded/4.8 2013q4/bin/../lib/gcc/arm-none-eabi/4.8.3/../../../../arm-none-eabi/lib/armv7-m\libm.a(lib_a-k_sin.o)
 .debug_frame   0x00002208       0x20 c:/program files (x86)/gnu tools arm embedded/4.8 2013q4/bin/../lib/gcc/arm-none-eabi/4.8.3/../../../../arm-none-eabi/lib/armv7-m\libm.a(lib_a-s_fabs.o)
 .debug_frame   0x00002228       0x38 c:/program files (x86)/gnu tools arm embedded/4.8 2013q4/bin/../lib/gcc/arm-none-eabi/4.8.3/../../../../arm-none-eabi/lib/armv7-m\libm.a(lib_a-s_floor.o)
 .debug_frame   0x00002260       0x30 c:/program files (x86)/gnu tools arm embedded/4.8 2013q4/bin/../lib/gcc/arm-none-eabi/4.8.3/../../../../arm-none-eabi/lib/armv7-m\libm.a(lib_a-s_scalbn.o)
 .debug_frame   0x00002290       0x28 c:/program files (x86)/gnu tools arm embedded/4.8 2013q4/bin/../lib/gcc/arm-none-eabi/4.8.3/../../../../arm-none-eabi/lib/armv7-m\libm.a(lib_a-s_copysign.o)
 .debug_frame   0x000022b8       0x30 c:/program files (x86)/gnu tools arm embedded/4.8 2013q4/bin/../lib/gcc/arm-none-eabi/4.8.3/../../../../arm-none-eabi/lib/armv7-m\libc.a(lib_a-atoi.o)
 .debug_frame   0x000022e8       0x2c c:/program files (x86)/gnu tools arm embedded/4.8 2013q4/bin/../lib/gcc/arm-none-eabi/4.8.3/../../../../arm-none-eabi/lib/armv7-m\libc.a(lib_a-memset.o)
 .debug_frame   0x00002314       0x38 c:/program files (x86)/gnu tools arm embedded/4.8 2013q4/bin/../lib/gcc/arm-none-eabi/4.8.3/../../../../arm-none-eabi/lib/armv7-m\libc.a(lib_a-rand.o)
 .debug_frame   0x0000234c       0x64 c:/program files (x86)/gnu tools arm embedded/4.8 2013q4/bin/../lib/gcc/arm-none-eabi/4.8.3/../../../../arm-none-eabi/lib/armv7-m\libc.a(lib_a-sprintf.o)
 .debug_frame   0x000023b0       0x20 c:/program files (x86)/gnu tools arm embedded/4.8 2013q4/bin/../lib/gcc/arm-none-eabi/4.8.3/../../../../arm-none-eabi/lib/armv7-m\libc.a(lib_a-strlen.o)
 .debug_frame   0x000023d0       0x50 c:/program files (x86)/gnu tools arm embedded/4.8 2013q4/bin/../lib/gcc/arm-none-eabi/4.8.3/../../../../arm-none-eabi/lib/armv7-m\libc.a(lib_a-strtol.o)
 .debug_frame   0x00002420       0x3c c:/program files (x86)/gnu tools arm embedded/4.8 2013q4/bin/../lib/gcc/arm-none-eabi/4.8.3/../../../../arm-none-eabi/lib/armv7-m\libc.a(lib_a-svfprintf.o)
 .debug_frame   0x0000245c       0x48 c:/program files (x86)/gnu tools arm embedded/4.8 2013q4/bin/../lib/gcc/arm-none-eabi/4.8.3/../../../../arm-none-eabi/lib/armv7-m\libc.a(lib_a-__call_atexit.o)
 .debug_frame   0x000024a4       0x20 c:/program files (x86)/gnu tools arm embedded/4.8 2013q4/bin/../lib/gcc/arm-none-eabi/4.8.3/../../../../arm-none-eabi/lib/armv7-m\libc.a(lib_a-atexit.o)
 .debug_frame   0x000024c4       0x64 c:/program files (x86)/gnu tools arm embedded/4.8 2013q4/bin/../lib/gcc/arm-none-eabi/4.8.3/../../../../arm-none-eabi/lib/armv7-m\libc.a(lib_a-dtoa.o)
 .debug_frame   0x00002528       0x2c c:/program files (x86)/gnu tools arm embedded/4.8 2013q4/bin/../lib/gcc/arm-none-eabi/4.8.3/../../../../arm-none-eabi/lib/armv7-m\libc.a(lib_a-fini.o)
 .debug_frame   0x00002554       0x98 c:/program files (x86)/gnu tools arm embedded/4.8 2013q4/bin/../lib/gcc/arm-none-eabi/4.8.3/../../../../arm-none-eabi/lib/armv7-m\libc.a(lib_a-locale.o)
 .debug_frame   0x000025ec       0x38 c:/program files (x86)/gnu tools arm embedded/4.8 2013q4/bin/../lib/gcc/arm-none-eabi/4.8.3/../../../../arm-none-eabi/lib/armv7-m\libc.a(lib_a-mallocr.o)
 .debug_frame   0x00002624       0x2c c:/program files (x86)/gnu tools arm embedded/4.8 2013q4/bin/../lib/gcc/arm-none-eabi/4.8.3/../../../../arm-none-eabi/lib/armv7-m\libc.a(lib_a-memchr-stub.o)
 .debug_frame   0x00002650       0x30 c:/program files (x86)/gnu tools arm embedded/4.8 2013q4/bin/../lib/gcc/arm-none-eabi/4.8.3/../../../../arm-none-eabi/lib/armv7-m\libc.a(lib_a-mlock.o)
 .debug_frame   0x00002680      0x228 c:/program files (x86)/gnu tools arm embedded/4.8 2013q4/bin/../lib/gcc/arm-none-eabi/4.8.3/../../../../arm-none-eabi/lib/armv7-m\libc.a(lib_a-mprec.o)
 .debug_frame   0x000028a8       0x28 c:/program files (x86)/gnu tools arm embedded/4.8 2013q4/bin/../lib/gcc/arm-none-eabi/4.8.3/../../../../arm-none-eabi/lib/armv7-m\libc.a(lib_a-s_fpclassify.o)
 .debug_frame   0x000028d0       0x2c c:/program files (x86)/gnu tools arm embedded/4.8 2013q4/bin/../lib/gcc/arm-none-eabi/4.8.3/../../../../arm-none-eabi/lib/armv7-m\libc.a(lib_a-sbrkr.o)
 .debug_frame   0x000028fc       0x64 c:/program files (x86)/gnu tools arm embedded/4.8 2013q4/bin/../lib/gcc/arm-none-eabi/4.8.3/../../../../arm-none-eabi/lib/armv7-m\libc.a(lib_a-svfiprintf.o)
 .debug_frame   0x00002960       0x30 c:/program files (x86)/gnu tools arm embedded/4.8 2013q4/bin/../lib/gcc/arm-none-eabi/4.8.3/../../../../arm-none-eabi/lib/armv7-m\libc.a(lib_a-__atexit.o)
 .debug_frame   0x00002990       0x28 c:/program files (x86)/gnu tools arm embedded/4.8 2013q4/bin/../lib/gcc/arm-none-eabi/4.8.3/../../../../arm-none-eabi/lib/armv7-m\libc.a(lib_a-callocr.o)
 .debug_frame   0x000029b8       0x50 c:/program files (x86)/gnu tools arm embedded/4.8 2013q4/bin/../lib/gcc/arm-none-eabi/4.8.3/../../../../arm-none-eabi/lib/armv7-m\libc.a(lib_a-freer.o)
 .debug_frame   0x00002a08       0x2c c:/program files (x86)/gnu tools arm embedded/4.8 2013q4/bin/../lib/gcc/arm-none-eabi/4.8.3/../../../../arm-none-eabi/lib/armv7-m\libc.a(lib_a-memmove.o)
 .debug_frame   0x00002a34       0x38 c:/program files (x86)/gnu tools arm embedded/4.8 2013q4/bin/../lib/gcc/arm-none-eabi/4.8.3/../../../../arm-none-eabi/lib/armv7-m\libc.a(lib_a-reallocr.o)
 .debug_frame   0x00002a6c       0x48 c:/program files (x86)/gnu tools arm embedded/4.8 2013q4/bin/../lib/gcc/arm-none-eabi/4.8.3/../../../../arm-none-eabi/lib/armv7-m\libc.a(lib_a-reent.o)
 .debug_frame   0x00002ab4       0x58 c:/program files (x86)/gnu tools arm embedded/4.8 2013q4/bin/../lib/gcc/arm-none-eabi/4.8.3/armv7-m\libgcc.a(bpabi.o)
 .debug_frame   0x00002b0c       0x34 c:/program files (x86)/gnu tools arm embedded/4.8 2013q4/bin/../lib/gcc/arm-none-eabi/4.8.3/armv7-m\libgcc.a(_divdi3.o)
 .debug_frame   0x00002b40       0x34 c:/program files (x86)/gnu tools arm embedded/4.8 2013q4/bin/../lib/gcc/arm-none-eabi/4.8.3/armv7-m\libgcc.a(_udivdi3.o)
